Archive member included to satisfy reference by file (symbol)

/Applications/Eclipse.app/Contents/Eclipse/plugins/fr.ac6.mcu.externaltools.arm-none.macos64_1.17.0.201812190825/tools/compiler/bin/../lib/gcc/arm-none-eabi/7.3.1/thumb/v7-m/libgcc.a(_arm_addsubdf3.o)
                              Src/main.o (__aeabi_dsub)
/Applications/Eclipse.app/Contents/Eclipse/plugins/fr.ac6.mcu.externaltools.arm-none.macos64_1.17.0.201812190825/tools/compiler/bin/../lib/gcc/arm-none-eabi/7.3.1/thumb/v7-m/libgcc.a(_arm_muldivdf3.o)
                              Src/main.o (__aeabi_dmul)
/Applications/Eclipse.app/Contents/Eclipse/plugins/fr.ac6.mcu.externaltools.arm-none.macos64_1.17.0.201812190825/tools/compiler/bin/../lib/gcc/arm-none-eabi/7.3.1/thumb/v7-m/libgcc.a(_arm_truncdfsf2.o)
                              Src/main.o (__aeabi_d2f)
/Applications/Eclipse.app/Contents/Eclipse/plugins/fr.ac6.mcu.externaltools.arm-none.macos64_1.17.0.201812190825/tools/compiler/bin/../lib/gcc/arm-none-eabi/7.3.1/thumb/v7-m/libgcc.a(_arm_addsubsf3.o)
                              Src/main.o (__aeabi_fsub)
/Applications/Eclipse.app/Contents/Eclipse/plugins/fr.ac6.mcu.externaltools.arm-none.macos64_1.17.0.201812190825/tools/compiler/bin/../lib/gcc/arm-none-eabi/7.3.1/thumb/v7-m/libgcc.a(_arm_muldivsf3.o)
                              Src/main.o (__aeabi_fmul)
/Applications/Eclipse.app/Contents/Eclipse/plugins/fr.ac6.mcu.externaltools.arm-none.macos64_1.17.0.201812190825/tools/compiler/bin/../lib/gcc/arm-none-eabi/7.3.1/thumb/v7-m/libgcc.a(_arm_cmpsf2.o)
                              Src/main.o (__aeabi_fcmplt)
/Applications/Eclipse.app/Contents/Eclipse/plugins/fr.ac6.mcu.externaltools.arm-none.macos64_1.17.0.201812190825/tools/compiler/bin/../lib/gcc/arm-none-eabi/7.3.1/thumb/v7-m/libgcc.a(_arm_fixunssfsi.o)
                              Src/main.o (__aeabi_f2uiz)
/Applications/Eclipse.app/Contents/Eclipse/plugins/fr.ac6.mcu.externaltools.arm-none.macos64_1.17.0.201812190825/tools/compiler/bin/../lib/gcc/arm-none-eabi/7.3.1/../../../../arm-none-eabi/lib/thumb/v7-m/libc_nano.a(lib_a-errno.o)
                              Src/syscalls.o (__errno)
/Applications/Eclipse.app/Contents/Eclipse/plugins/fr.ac6.mcu.externaltools.arm-none.macos64_1.17.0.201812190825/tools/compiler/bin/../lib/gcc/arm-none-eabi/7.3.1/../../../../arm-none-eabi/lib/thumb/v7-m/libc_nano.a(lib_a-exit.o)
                              /Applications/Eclipse.app/Contents/Eclipse/plugins/fr.ac6.mcu.externaltools.arm-none.macos64_1.17.0.201812190825/tools/compiler/bin/../lib/gcc/arm-none-eabi/7.3.1/../../../../arm-none-eabi/lib/thumb/v7-m/crt0.o (exit)
/Applications/Eclipse.app/Contents/Eclipse/plugins/fr.ac6.mcu.externaltools.arm-none.macos64_1.17.0.201812190825/tools/compiler/bin/../lib/gcc/arm-none-eabi/7.3.1/../../../../arm-none-eabi/lib/thumb/v7-m/libc_nano.a(lib_a-impure.o)
                              /Applications/Eclipse.app/Contents/Eclipse/plugins/fr.ac6.mcu.externaltools.arm-none.macos64_1.17.0.201812190825/tools/compiler/bin/../lib/gcc/arm-none-eabi/7.3.1/../../../../arm-none-eabi/lib/thumb/v7-m/libc_nano.a(lib_a-exit.o) (_global_impure_ptr)
/Applications/Eclipse.app/Contents/Eclipse/plugins/fr.ac6.mcu.externaltools.arm-none.macos64_1.17.0.201812190825/tools/compiler/bin/../lib/gcc/arm-none-eabi/7.3.1/../../../../arm-none-eabi/lib/thumb/v7-m/libc_nano.a(lib_a-init.o)
                              /Applications/Eclipse.app/Contents/Eclipse/plugins/fr.ac6.mcu.externaltools.arm-none.macos64_1.17.0.201812190825/tools/compiler/bin/../lib/gcc/arm-none-eabi/7.3.1/../../../../arm-none-eabi/lib/thumb/v7-m/crt0.o (__libc_init_array)
/Applications/Eclipse.app/Contents/Eclipse/plugins/fr.ac6.mcu.externaltools.arm-none.macos64_1.17.0.201812190825/tools/compiler/bin/../lib/gcc/arm-none-eabi/7.3.1/../../../../arm-none-eabi/lib/thumb/v7-m/libc_nano.a(lib_a-memset.o)
                              /Applications/Eclipse.app/Contents/Eclipse/plugins/fr.ac6.mcu.externaltools.arm-none.macos64_1.17.0.201812190825/tools/compiler/bin/../lib/gcc/arm-none-eabi/7.3.1/../../../../arm-none-eabi/lib/thumb/v7-m/crt0.o (memset)
/Applications/Eclipse.app/Contents/Eclipse/plugins/fr.ac6.mcu.externaltools.arm-none.macos64_1.17.0.201812190825/tools/compiler/bin/../lib/gcc/arm-none-eabi/7.3.1/../../../../arm-none-eabi/lib/thumb/v7-m/libc_nano.a(lib_a-nano-vfprintf_float.o)
                              (_printf_float)
/Applications/Eclipse.app/Contents/Eclipse/plugins/fr.ac6.mcu.externaltools.arm-none.macos64_1.17.0.201812190825/tools/compiler/bin/../lib/gcc/arm-none-eabi/7.3.1/../../../../arm-none-eabi/lib/thumb/v7-m/libc_nano.a(lib_a-nano-vfprintf_i.o)
                              /Applications/Eclipse.app/Contents/Eclipse/plugins/fr.ac6.mcu.externaltools.arm-none.macos64_1.17.0.201812190825/tools/compiler/bin/../lib/gcc/arm-none-eabi/7.3.1/../../../../arm-none-eabi/lib/thumb/v7-m/libc_nano.a(lib_a-nano-vfprintf_float.o) (_printf_common)
[...]
Memory Configuration

Name             Origin             Length             Attributes
RAM              0x0000000020000000 0x0000000000010000 xrw
FLASH            0x0000000008000000 0x0000000000080000 xr
*default*        0x0000000000000000 0xffffffffffffffff

Linker script and memory map

LOAD /Applications/Eclipse.app/Contents/Eclipse/plugins/fr.ac6.mcu.externaltools.arm-none.macos64_1.17.0.201812190825/tools/compiler/bin/../lib/gcc/arm-none-eabi/7.3.1/thumb/v7-m/crti.o
LOAD /Applications/Eclipse.app/Contents/Eclipse/plugins/fr.ac6.mcu.externaltools.arm-none.macos64_1.17.0.201812190825/tools/compiler/bin/../lib/gcc/arm-none-eabi/7.3.1/thumb/v7-m/crtbegin.o
LOAD /Applications/Eclipse.app/Contents/Eclipse/plugins/fr.ac6.mcu.externaltools.arm-none.macos64_1.17.0.201812190825/tools/compiler/bin/../lib/gcc/arm-none-eabi/7.3.1/../../../../arm-none-eabi/lib/thumb/v7-m/crt0.o
LOAD Drivers/STM32F1xx_HAL_Driver/Src/stm32f1xx_hal.o
LOAD Drivers/STM32F1xx_HAL_Driver/Src/stm32f1xx_hal_adc.o
LOAD Drivers/STM32F1xx_HAL_Driver/Src/stm32f1xx_hal_adc_ex.o
LOAD Drivers/STM32F1xx_HAL_Driver/Src/stm32f1xx_hal_cortex.o
LOAD Drivers/STM32F1xx_HAL_Driver/Src/stm32f1xx_hal_dma.o
LOAD Drivers/STM32F1xx_HAL_Driver/Src/stm32f1xx_hal_exti.o
LOAD Drivers/STM32F1xx_HAL_Driver/Src/stm32f1xx_hal_flash.o
LOAD Drivers/STM32F1xx_HAL_Driver/Src/stm32f1xx_hal_flash_ex.o
LOAD Drivers/STM32F1xx_HAL_Driver/Src/stm32f1xx_hal_gpio.o
LOAD Drivers/STM32F1xx_HAL_Driver/Src/stm32f1xx_hal_gpio_ex.o
LOAD Drivers/STM32F1xx_HAL_Driver/Src/stm32f1xx_hal_i2c.o
LOAD Drivers/STM32F1xx_HAL_Driver/Src/stm32f1xx_hal_pwr.o
LOAD Drivers/STM32F1xx_HAL_Driver/Src/stm32f1xx_hal_rcc.o
LOAD Drivers/STM32F1xx_HAL_Driver/Src/stm32f1xx_hal_rcc_ex.o
LOAD Drivers/STM32F1xx_HAL_Driver/Src/stm32f1xx_hal_tim.o
LOAD Drivers/STM32F1xx_HAL_Driver/Src/stm32f1xx_hal_tim_ex.o
LOAD Drivers/STM32F1xx_HAL_Driver/Src/stm32f1xx_hal_uart.o
LOAD Src/adc.o
LOAD Src/dma.o
LOAD Src/gpio.o
LOAD Src/i2c.o
LOAD Src/main.o
LOAD Src/stm32f1xx_hal_msp.o
LOAD Src/stm32f1xx_it.o
LOAD Src/syscalls.o
LOAD Src/system_stm32f1xx.o
LOAD Src/tim.o
LOAD Src/usart.o
LOAD startup/startup_stm32f103xe.o
LOAD /Applications/Eclipse.app/Contents/Eclipse/plugins/fr.ac6.mcu.externaltools.arm-none.macos64_1.17.0.201812190825/tools/compiler/bin/../lib/gcc/arm-none-eabi/7.3.1/../../../../arm-none-eabi/lib/thumb/v7-m/libm.a
START GROUP
LOAD /Applications/Eclipse.app/Contents/Eclipse/plugins/fr.ac6.mcu.externaltools.arm-none.macos64_1.17.0.201812190825/tools/compiler/bin/../lib/gcc/arm-none-eabi/7.3.1/thumb/v7-m/libgcc.a
LOAD /Applications/Eclipse.app/Contents/Eclipse/plugins/fr.ac6.mcu.externaltools.arm-none.macos64_1.17.0.201812190825/tools/compiler/bin/../lib/gcc/arm-none-eabi/7.3.1/../../../../arm-none-eabi/lib/thumb/v7-m/libc_nano.a
END GROUP
START GROUP
LOAD /Applications/Eclipse.app/Contents/Eclipse/plugins/fr.ac6.mcu.externaltools.arm-none.macos64_1.17.0.201812190825/tools/compiler/bin/../lib/gcc/arm-none-eabi/7.3.1/thumb/v7-m/libgcc.a
LOAD /Applications/Eclipse.app/Contents/Eclipse/plugins/fr.ac6.mcu.externaltools.arm-none.macos64_1.17.0.201812190825/tools/compiler/bin/../lib/gcc/arm-none-eabi/7.3.1/../../../../arm-none-eabi/lib/thumb/v7-m/libc_nano.a
LOAD /Applications/Eclipse.app/Contents/Eclipse/plugins/fr.ac6.mcu.externaltools.arm-none.macos64_1.17.0.201812190825/tools/compiler/bin/../lib/gcc/arm-none-eabi/7.3.1/../../../../arm-none-eabi/lib/thumb/v7-m/libnosys.a
END GROUP
START GROUP
LOAD /Applications/Eclipse.app/Contents/Eclipse/plugins/fr.ac6.mcu.externaltools.arm-none.macos64_1.17.0.201812190825/tools/compiler/bin/../lib/gcc/arm-none-eabi/7.3.1/thumb/v7-m/libgcc.a
LOAD /Applications/Eclipse.app/Contents/Eclipse/plugins/fr.ac6.mcu.externaltools.arm-none.macos64_1.17.0.201812190825/tools/compiler/bin/../lib/gcc/arm-none-eabi/7.3.1/../../../../arm-none-eabi/lib/thumb/v7-m/libc_nano.a
LOAD /Applications/Eclipse.app/Contents/Eclipse/plugins/fr.ac6.mcu.externaltools.arm-none.macos64_1.17.0.201812190825/tools/compiler/bin/../lib/gcc/arm-none-eabi/7.3.1/../../../../arm-none-eabi/lib/thumb/v7-m/libnosys.a
END GROUP
LOAD /Applications/Eclipse.app/Contents/Eclipse/plugins/fr.ac6.mcu.externaltools.arm-none.macos64_1.17.0.201812190825/tools/compiler/bin/../lib/gcc/arm-none-eabi/7.3.1/thumb/v7-m/crtend.o
LOAD /Applications/Eclipse.app/Contents/Eclipse/plugins/fr.ac6.mcu.externaltools.arm-none.macos64_1.17.0.201812190825/tools/compiler/bin/../lib/gcc/arm-none-eabi/7.3.1/thumb/v7-m/crtn.o
                0x0000000020010000                _estack = 0x20010000
                0x0000000000000200                _Min_Heap_Size = 0x200
                0x0000000000000400                _Min_Stack_Size = 0x400

.isr_vector     0x0000000008000000      0x1e4
                0x0000000008000000                . = ALIGN (0x4)
 *(.isr_vector)
 .isr_vector    0x0000000008000000      0x1e4 startup/startup_stm32f103xe.o
                0x0000000008000000                g_pfnVectors
                0x00000000080001e4                . = ALIGN (0x4)

.text           0x00000000080001e8     0x5dc8
                0x00000000080001e8                . = ALIGN (0x4)
 *(.text)
 .text          0x00000000080001e8       0x40 /Applications/Eclipse.app/Contents/Eclipse/plugins/fr.ac6.mcu.externaltools.arm-none.macos64_1.17.0.201812190825/tools/compiler/bin/../lib/gcc/arm-none-eabi/7.3.1/thumb/v7-m/crtbegin.o
 .text          0x0000000008000228      0x378 /Applications/Eclipse.app/Contents/Eclipse/plugins/fr.ac6.mcu.externaltools.arm-none.macos64_1.17.0.201812190825/tools/compiler/bin/../lib/gcc/arm-none-eabi/7.3.1/thumb/v7-m/libgcc.a(_arm_addsubdf3.o)
                0x0000000008000228                __aeabi_drsub
                0x0000000008000230                __subdf3
                0x0000000008000230                __aeabi_dsub
                0x0000000008000234                __aeabi_dadd
                0x0000000008000234                __adddf3
                0x00000000080004ac                __aeabi_ui2d
                0x00000000080004ac                __floatunsidf
                0x00000000080004cc                __floatsidf
                0x00000000080004cc                __aeabi_i2d
                0x00000000080004f0                __extendsfdf2
                0x00000000080004f0                __aeabi_f2d
                0x0000000008000534                __aeabi_ul2d
                0x0000000008000534                __floatundidf
                0x0000000008000544                __aeabi_l2d
                0x0000000008000544                __floatdidf
 .text          0x00000000080005a0      0x424 /Applications/Eclipse.app/Contents/Eclipse/plugins/fr.ac6.mcu.externaltools.arm-none.macos64_1.17.0.201812190825/tools/compiler/bin/../lib/gcc/arm-none-eabi/7.3.1/thumb/v7-m/libgcc.a(_arm_muldivdf3.o)
                0x00000000080005a0                __aeabi_dmul
                0x00000000080005a0                __muldf3
                0x00000000080007f4                __aeabi_ddiv
                0x00000000080007f4                __divdf3
 .text          0x00000000080009c4       0xa0 /Applications/Eclipse.app/Contents/Eclipse/plugins/fr.ac6.mcu.externaltools.arm-none.macos64_1.17.0.201812190825/tools/compiler/bin/../lib/gcc/arm-none-eabi/7.3.1/thumb/v7-m/libgcc.a(_arm_truncdfsf2.o)
                0x00000000080009c4                __aeabi_d2f
                0x00000000080009c4                __truncdfsf2
 .text          0x0000000008000a64      0x21c /Applications/Eclipse.app/Contents/Eclipse/plugins/fr.ac6.mcu.externaltools.arm-none.macos64_1.17.0.201812190825/tools/compiler/bin/../lib/gcc/arm-none-eabi/7.3.1/thumb/v7-m/libgcc.a(_arm_addsubsf3.o)
                0x0000000008000a64                __aeabi_frsub
                0x0000000008000a6c                __aeabi_fsub
                0x0000000008000a6c                __subsf3
                0x0000000008000a70                __aeabi_fadd
                0x0000000008000a70                __addsf3
                0x0000000008000bd0                __aeabi_ui2f
                0x0000000008000bd0                __floatunsisf
                0x0000000008000bd8                __floatsisf
                0x0000000008000bd8                __aeabi_i2f
                0x0000000008000bf4                __aeabi_ul2f
                0x0000000008000bf4                __floatundisf
                0x0000000008000c04                __aeabi_l2f
                0x0000000008000c04                __floatdisf
 .text          0x0000000008000c80      0x2a0 /Applications/Eclipse.app/Contents/Eclipse/plugins/fr.ac6.mcu.externaltools.arm-none.macos64_1.17.0.201812190825/tools/compiler/bin/../lib/gcc/arm-none-eabi/7.3.1/thumb/v7-m/libgcc.a(_arm_muldivsf3.o)
                0x0000000008000c80                __mulsf3
                0x0000000008000c80                __aeabi_fmul
                0x0000000008000de8                __divsf3
                0x0000000008000de8                __aeabi_fdiv
 .text          0x0000000008000f20       0xec /Applications/Eclipse.app/Contents/Eclipse/plugins/fr.ac6.mcu.externaltools.arm-none.macos64_1.17.0.201812190825/tools/compiler/bin/../lib/gcc/arm-none-eabi/7.3.1/thumb/v7-m/libgcc.a(_arm_cmpsf2.o)
                0x0000000008000f20                __gesf2
                0x0000000008000f20                __gtsf2
                0x0000000008000f28                __ltsf2
                0x0000000008000f28                __lesf2
                0x0000000008000f30                __nesf2
                0x0000000008000f30                __eqsf2
                0x0000000008000f30                __cmpsf2
                0x0000000008000f90                __aeabi_cfrcmple
                0x0000000008000f98                __aeabi_cfcmpeq
                0x0000000008000f98                __aeabi_cfcmple
                0x0000000008000fa8                __aeabi_fcmpeq
                0x0000000008000fbc                __aeabi_fcmplt
                0x0000000008000fd0                __aeabi_fcmple
                0x0000000008000fe4                __aeabi_fcmpge
                0x0000000008000ff8                __aeabi_fcmpgt
 .text          0x000000000800100c       0x40 /Applications/Eclipse.app/Contents/Eclipse/plugins/fr.ac6.mcu.externaltools.arm-none.macos64_1.17.0.201812190825/tools/compiler/bin/../lib/gcc/arm-none-eabi/7.3.1/thumb/v7-m/libgcc.a(_arm_fixunssfsi.o)
                0x000000000800100c                __aeabi_f2uiz
                0x000000000800100c                __fixunssfsi
 .text          0x000000000800104c       0x10 /Applications/Eclipse.app/Contents/Eclipse/plugins/fr.ac6.mcu.externaltools.arm-none.macos64_1.17.0.201812190825/tools/compiler/bin/../lib/gcc/arm-none-eabi/7.3.1/../../../../arm-none-eabi/lib/thumb/v7-m/libc_nano.a(lib_a-strlen.o)
                0x000000000800104c                strlen
 .text          0x000000000800105c      0x110 /Applications/Eclipse.app/Contents/Eclipse/plugins/fr.ac6.mcu.externaltools.arm-none.macos64_1.17.0.201812190825/tools/compiler/bin/../lib/gcc/arm-none-eabi/7.3.1/thumb/v7-m/libgcc.a(_arm_cmpdf2.o)
                0x000000000800105c                __gedf2
                0x000000000800105c                __gtdf2
                0x0000000008001064                __ledf2
                0x0000000008001064                __ltdf2
                0x000000000800106c                __cmpdf2
                0x000000000800106c                __eqdf2
                0x000000000800106c                __nedf2
                0x00000000080010e8                __aeabi_cdrcmple
                0x00000000080010f8                __aeabi_cdcmple
                0x00000000080010f8                __aeabi_cdcmpeq
                0x0000000008001108                __aeabi_dcmpeq
                0x000000000800111c                __aeabi_dcmplt
                0x0000000008001130                __aeabi_dcmple
                0x0000000008001144                __aeabi_dcmpge
                0x0000000008001158                __aeabi_dcmpgt
 .text          0x000000000800116c       0x2c /Applications/Eclipse.app/Contents/Eclipse/plugins/fr.ac6.mcu.externaltools.arm-none.macos64_1.17.0.201812190825/tools/compiler/bin/../lib/gcc/arm-none-eabi/7.3.1/thumb/v7-m/libgcc.a(_arm_unorddf2.o)
                0x000000000800116c                __aeabi_dcmpun
                0x000000000800116c                __unorddf2
 .text          0x0000000008001198       0x50 /Applications/Eclipse.app/Contents/Eclipse/plugins/fr.ac6.mcu.externaltools.arm-none.macos64_1.17.0.201812190825/tools/compiler/bin/../lib/gcc/arm-none-eabi/7.3.1/thumb/v7-m/libgcc.a(_arm_fixdfsi.o)
                0x0000000008001198                __fixdfsi
                0x0000000008001198                __aeabi_d2iz
 *(.text*)
 .text.HAL_InitTick
                0x00000000080011e8       0x48 Drivers/STM32F1xx_HAL_Driver/Src/stm32f1xx_hal.o
                0x00000000080011e8                HAL_InitTick
 .text.HAL_Init
                0x0000000008001230       0x24 Drivers/STM32F1xx_HAL_Driver/Src/stm32f1xx_hal.o
                0x0000000008001230                HAL_Init
 .text.HAL_IncTick
                0x0000000008001254       0x18 Drivers/STM32F1xx_HAL_Driver/Src/stm32f1xx_hal.o
                0x0000000008001254                HAL_IncTick
 .text.HAL_GetTick
                0x000000000800126c        0xc Drivers/STM32F1xx_HAL_Driver/Src/stm32f1xx_hal.o
                0x000000000800126c                HAL_GetTick
 .text.HAL_Delay
                0x0000000008001278       0x28 Drivers/STM32F1xx_HAL_Driver/Src/stm32f1xx_hal.o
                0x0000000008001278                HAL_Delay
 .text.HAL_ADC_GetValue
                0x00000000080012a0        0x6 Drivers/STM32F1xx_HAL_Driver/Src/stm32f1xx_hal_adc.o
                0x00000000080012a0                HAL_ADC_GetValue
 *fill*         0x00000000080012a6        0x2 
 .text.HAL_ADC_ConfigChannel
                0x00000000080012a8      0x138 Drivers/STM32F1xx_HAL_Driver/Src/stm32f1xx_hal_adc.o
                0x00000000080012a8                HAL_ADC_ConfigChannel
 .text.ADC_Enable
                0x00000000080013e0       0x80 Drivers/STM32F1xx_HAL_Driver/Src/stm32f1xx_hal_adc.o
                0x00000000080013e0                ADC_Enable
 .text.HAL_ADC_Start
                0x0000000008001460       0xec Drivers/STM32F1xx_HAL_Driver/Src/stm32f1xx_hal_adc.o
                0x0000000008001460                HAL_ADC_Start
 .text.ADC_ConversionStop_Disable
                0x000000000800154c       0x4c Drivers/STM32F1xx_HAL_Driver/Src/stm32f1xx_hal_adc.o
                0x000000000800154c                ADC_ConversionStop_Disable
 .text.HAL_ADC_Init
                0x0000000008001598      0x12c Drivers/STM32F1xx_HAL_Driver/Src/stm32f1xx_hal_adc.o
                0x0000000008001598                HAL_ADC_Init
 .text.HAL_ADC_Stop
                0x00000000080016c4       0x3a Drivers/STM32F1xx_HAL_Driver/Src/stm32f1xx_hal_adc.o
                0x00000000080016c4                HAL_ADC_Stop
 *fill*         0x00000000080016fe        0x2 
 .text.HAL_ADCEx_Calibration_Start
                0x0000000008001700       0xec Drivers/STM32F1xx_HAL_Driver/Src/stm32f1xx_hal_adc_ex.o
                0x0000000008001700                HAL_ADCEx_Calibration_Start
 .text.HAL_NVIC_SetPriorityGrouping
                0x00000000080017ec       0x24 Drivers/STM32F1xx_HAL_Driver/Src/stm32f1xx_hal_cortex.o
                0x00000000080017ec                HAL_NVIC_SetPriorityGrouping
 .text.HAL_NVIC_SetPriority
                0x0000000008001810       0x68 Drivers/STM32F1xx_HAL_Driver/Src/stm32f1xx_hal_cortex.o
                0x0000000008001810                HAL_NVIC_SetPriority
 .text.HAL_NVIC_EnableIRQ
                0x0000000008001878       0x1c Drivers/STM32F1xx_HAL_Driver/Src/stm32f1xx_hal_cortex.o
                0x0000000008001878                HAL_NVIC_EnableIRQ
 .text.HAL_SYSTICK_Config
                0x0000000008001894       0x2c Drivers/STM32F1xx_HAL_Driver/Src/stm32f1xx_hal_cortex.o
                0x0000000008001894                HAL_SYSTICK_Config
 .text.HAL_DMA_Init
                0x00000000080018c0       0x98 Drivers/STM32F1xx_HAL_Driver/Src/stm32f1xx_hal_dma.o
                0x00000000080018c0                HAL_DMA_Init
 .text.HAL_DMA_IRQHandler
                0x0000000008001958      0x2ec Drivers/STM32F1xx_HAL_Driver/Src/stm32f1xx_hal_dma.o
                0x0000000008001958                HAL_DMA_IRQHandler
 .text.HAL_GPIO_Init
                0x0000000008001c44      0x1f4 Drivers/STM32F1xx_HAL_Driver/Src/stm32f1xx_hal_gpio.o
                0x0000000008001c44                HAL_GPIO_Init
 .text.HAL_GPIO_WritePin
                0x0000000008001e38        0xc Drivers/STM32F1xx_HAL_Driver/Src/stm32f1xx_hal_gpio.o
                0x0000000008001e38                HAL_GPIO_WritePin
 .text.HAL_I2C_Init
                0x0000000008001e44      0x1a0 Drivers/STM32F1xx_HAL_Driver/Src/stm32f1xx_hal_i2c.o
                0x0000000008001e44                HAL_I2C_Init
 .text.RCC_Delay
                0x0000000008001fe4       0x2c Drivers/STM32F1xx_HAL_Driver/Src/stm32f1xx_hal_rcc.o
 .text.HAL_RCC_OscConfig
                0x0000000008002010      0x410 Drivers/STM32F1xx_HAL_Driver/Src/stm32f1xx_hal_rcc.o
                0x0000000008002010                HAL_RCC_OscConfig
 .text.HAL_RCC_GetSysClockFreq
                0x0000000008002420       0x70 Drivers/STM32F1xx_HAL_Driver/Src/stm32f1xx_hal_rcc.o
                0x0000000008002420                HAL_RCC_GetSysClockFreq
 .text.HAL_RCC_ClockConfig
                0x0000000008002490      0x168 Drivers/STM32F1xx_HAL_Driver/Src/stm32f1xx_hal_rcc.o
                0x0000000008002490                HAL_RCC_ClockConfig
 .text.HAL_RCC_GetHCLKFreq
                0x00000000080025f8        0xc Drivers/STM32F1xx_HAL_Driver/Src/stm32f1xx_hal_rcc.o
                0x00000000080025f8                HAL_RCC_GetHCLKFreq
 .text.HAL_RCC_GetPCLK1Freq
                0x0000000008002604       0x20 Drivers/STM32F1xx_HAL_Driver/Src/stm32f1xx_hal_rcc.o
                0x0000000008002604                HAL_RCC_GetPCLK1Freq
 .text.HAL_RCC_GetPCLK2Freq
                0x0000000008002624       0x20 Drivers/STM32F1xx_HAL_Driver/Src/stm32f1xx_hal_rcc.o
                0x0000000008002624                HAL_RCC_GetPCLK2Freq
 .text.HAL_RCCEx_PeriphCLKConfig
                0x0000000008002644      0x114 Drivers/STM32F1xx_HAL_Driver/Src/stm32f1xx_hal_rcc_ex.o
                0x0000000008002644                HAL_RCCEx_PeriphCLKConfig
 .text.HAL_RCCEx_GetPeriphCLKFreq
                0x0000000008002758      0x118 Drivers/STM32F1xx_HAL_Driver/Src/stm32f1xx_hal_rcc_ex.o
                0x0000000008002758                HAL_RCCEx_GetPeriphCLKFreq
 .text.TIM_TI1_ConfigInputStage
                0x0000000008002870       0x24 Drivers/STM32F1xx_HAL_Driver/Src/stm32f1xx_hal_tim.o
 .text.TIM_TI2_ConfigInputStage
                0x0000000008002894       0x26 Drivers/STM32F1xx_HAL_Driver/Src/stm32f1xx_hal_tim.o
 .text.TIM_ITRx_SetConfig
                0x00000000080028ba       0x10 Drivers/STM32F1xx_HAL_Driver/Src/stm32f1xx_hal_tim.o
 .text.HAL_TIM_Base_Start
                0x00000000080028ca       0x24 Drivers/STM32F1xx_HAL_Driver/Src/stm32f1xx_hal_tim.o
                0x00000000080028ca                HAL_TIM_Base_Start
 .text.HAL_TIM_Base_Stop
                0x00000000080028ee       0x2e Drivers/STM32F1xx_HAL_Driver/Src/stm32f1xx_hal_tim.o
                0x00000000080028ee                HAL_TIM_Base_Stop
 .text.TIM_Base_SetConfig
                0x000000000800291c       0x98 Drivers/STM32F1xx_HAL_Driver/Src/stm32f1xx_hal_tim.o
                0x000000000800291c                TIM_Base_SetConfig
 .text.HAL_TIM_Base_Init
                0x00000000080029b4       0x32 Drivers/STM32F1xx_HAL_Driver/Src/stm32f1xx_hal_tim.o
                0x00000000080029b4                HAL_TIM_Base_Init
 .text.TIM_ETR_SetConfig
                0x00000000080029e6       0x16 Drivers/STM32F1xx_HAL_Driver/Src/stm32f1xx_hal_tim.o
                0x00000000080029e6                TIM_ETR_SetConfig
 .text.HAL_TIM_ConfigClockSource
                0x00000000080029fc       0xda Drivers/STM32F1xx_HAL_Driver/Src/stm32f1xx_hal_tim.o
                0x00000000080029fc                HAL_TIM_ConfigClockSource
 .text.HAL_TIMEx_MasterConfigSynchronization
                0x0000000008002ad6       0x46 Drivers/STM32F1xx_HAL_Driver/Src/stm32f1xx_hal_tim_ex.o
                0x0000000008002ad6                HAL_TIMEx_MasterConfigSynchronization
 .text.UART_SetConfig
                0x0000000008002b1c       0xcc Drivers/STM32F1xx_HAL_Driver/Src/stm32f1xx_hal_uart.o
 .text.UART_WaitOnFlagUntilTimeout
                0x0000000008002be8       0x62 Drivers/STM32F1xx_HAL_Driver/Src/stm32f1xx_hal_uart.o
 .text.HAL_UART_Init
                0x0000000008002c4a       0x5e Drivers/STM32F1xx_HAL_Driver/Src/stm32f1xx_hal_uart.o
                0x0000000008002c4a                HAL_UART_Init
 .text.HAL_UART_Transmit
                0x0000000008002ca8       0xe0 Drivers/STM32F1xx_HAL_Driver/Src/stm32f1xx_hal_uart.o
                0x0000000008002ca8                HAL_UART_Transmit
 .text.MX_ADC1_Init
                0x0000000008002d88       0x58 Src/adc.o
                0x0000000008002d88                MX_ADC1_Init
 .text.HAL_ADC_MspInit
                0x0000000008002de0       0x60 Src/adc.o
                0x0000000008002de0                HAL_ADC_MspInit
 .text.MX_DMA_Init
                0x0000000008002e40       0x44 Src/dma.o
                0x0000000008002e40                MX_DMA_Init
 .text.MX_GPIO_Init
                0x0000000008002e84       0xf8 Src/gpio.o
                0x0000000008002e84                MX_GPIO_Init
 .text.MX_I2C1_Init
                0x0000000008002f7c       0x3c Src/i2c.o
                0x0000000008002f7c                MX_I2C1_Init
 .text.HAL_I2C_MspInit
                0x0000000008002fb8       0x64 Src/i2c.o
                0x0000000008002fb8                HAL_I2C_MspInit
 .text.SystemClock_Config
                0x000000000800301c       0x6c Src/main.o
                0x000000000800301c                SystemClock_Config
 .text.delay_us
                0x0000000008003088       0x30 Src/main.o
                0x0000000008003088                delay_us
 .text.selfTest
                0x00000000080030b8      0x7b8 Src/main.o
                0x00000000080030b8                selfTest
 .text.readHCHO
                0x0000000008003870       0xc8 Src/main.o
                0x0000000008003870                readHCHO
 .text.readTVOC
                0x0000000008003938       0xcc Src/main.o
                0x0000000008003938                readTVOC
 *fill*         0x0000000008003a04        0x4 
 .text.readeCO2
                0x0000000008003a08       0xc8 Src/main.o
                0x0000000008003a08                readeCO2
 .text.readDust
                0x0000000008003ad0       0xcc Src/main.o
                0x0000000008003ad0                readDust
 .text.enableScreenSampling
                0x0000000008003b9c       0x68 Src/main.o
                0x0000000008003b9c                enableScreenSampling
 .text.disableScreenSampling
                0x0000000008003c04       0x68 Src/main.o
                0x0000000008003c04                disableScreenSampling
 .text.changeFloatROM
                0x0000000008003c6c       0x1c Src/main.o
                0x0000000008003c6c                changeFloatROM
 .text.displayHCHO
                0x0000000008003c88       0xfc Src/main.o
                0x0000000008003c88                displayHCHO
 .text.displayTVOC
                0x0000000008003d84      0x12c Src/main.o
                0x0000000008003d84                displayTVOC
 .text.displayeCO2
                0x0000000008003eb0      0x12c Src/main.o
                0x0000000008003eb0                displayeCO2
 .text.displayDust
                0x0000000008003fdc      0x104 Src/main.o
                0x0000000008003fdc                displayDust
 .text.main     0x00000000080040e0       0x90 Src/main.o
                0x00000000080040e0                main
 .text.Error_Handler
                0x0000000008004170        0x2 Src/main.o
                0x0000000008004170                Error_Handler
 *fill*         0x0000000008004172        0x2 
 .text.HAL_MspInit
                0x0000000008004174       0x44 Src/stm32f1xx_hal_msp.o
                0x0000000008004174                HAL_MspInit
 .text.NMI_Handler
                0x00000000080041b8        0x2 Src/stm32f1xx_it.o
                0x00000000080041b8                NMI_Handler
 .text.HardFault_Handler
                0x00000000080041ba        0x2 Src/stm32f1xx_it.o
                0x00000000080041ba                HardFault_Handler
 .text.MemManage_Handler
                0x00000000080041bc        0x2 Src/stm32f1xx_it.o
                0x00000000080041bc                MemManage_Handler
 .text.BusFault_Handler
                0x00000000080041be        0x2 Src/stm32f1xx_it.o
                0x00000000080041be                BusFault_Handler
 .text.UsageFault_Handler
                0x00000000080041c0        0x2 Src/stm32f1xx_it.o
                0x00000000080041c0                UsageFault_Handler
 .text.SVC_Handler
                0x00000000080041c2        0x2 Src/stm32f1xx_it.o
                0x00000000080041c2                SVC_Handler
 .text.DebugMon_Handler
                0x00000000080041c4        0x2 Src/stm32f1xx_it.o
                0x00000000080041c4                DebugMon_Handler
 .text.PendSV_Handler
                0x00000000080041c6        0x2 Src/stm32f1xx_it.o
                0x00000000080041c6                PendSV_Handler
 .text.SysTick_Handler
                0x00000000080041c8        0x8 Src/stm32f1xx_it.o
                0x00000000080041c8                SysTick_Handler
 .text.DMA1_Channel5_IRQHandler
                0x00000000080041d0       0x10 Src/stm32f1xx_it.o
                0x00000000080041d0                DMA1_Channel5_IRQHandler
 .text.DMA1_Channel6_IRQHandler
                0x00000000080041e0       0x10 Src/stm32f1xx_it.o
                0x00000000080041e0                DMA1_Channel6_IRQHandler
 .text._sbrk    0x00000000080041f0       0x3c Src/syscalls.o
                0x00000000080041f0                _sbrk
 .text.SystemInit
                0x000000000800422c       0x4c Src/system_stm32f1xx.o
                0x000000000800422c                SystemInit
 .text.MX_TIM4_Init
                0x0000000008004278       0x70 Src/tim.o
                0x0000000008004278                MX_TIM4_Init
 .text.HAL_TIM_Base_MspInit
                0x00000000080042e8       0x2c Src/tim.o
                0x00000000080042e8                HAL_TIM_Base_MspInit
 .text.MX_USART1_UART_Init
                0x0000000008004314       0x34 Src/usart.o
                0x0000000008004314                MX_USART1_UART_Init
 .text.MX_USART2_UART_Init
                0x0000000008004348       0x34 Src/usart.o
                0x0000000008004348                MX_USART2_UART_Init
 .text.HAL_UART_MspInit
                0x000000000800437c      0x138 Src/usart.o
                0x000000000800437c                HAL_UART_MspInit
 .text.Reset_Handler
                0x00000000080044b4       0x48 startup/startup_stm32f103xe.o
                0x00000000080044b4                Reset_Handler
 .text.Default_Handler
                0x00000000080044fc        0x2 startup/startup_stm32f103xe.o
                0x00000000080044fc                DMA2_Channel3_IRQHandler
                0x00000000080044fc                EXTI2_IRQHandler
                0x00000000080044fc                TIM8_TRG_COM_IRQHandler
                0x00000000080044fc                TIM8_CC_IRQHandler
                0x00000000080044fc                TIM1_CC_IRQHandler
                0x00000000080044fc                TIM6_IRQHandler
                0x00000000080044fc                PVD_IRQHandler
                0x00000000080044fc                SDIO_IRQHandler
                0x00000000080044fc                EXTI3_IRQHandler
                0x00000000080044fc                EXTI0_IRQHandler
                0x00000000080044fc                I2C2_EV_IRQHandler
                0x00000000080044fc                ADC1_2_IRQHandler
                0x00000000080044fc                SPI1_IRQHandler
                0x00000000080044fc                TAMPER_IRQHandler
                0x00000000080044fc                TIM8_UP_IRQHandler
                0x00000000080044fc                DMA2_Channel2_IRQHandler
                0x00000000080044fc                DMA1_Channel4_IRQHandler
                0x00000000080044fc                USART3_IRQHandler
                0x00000000080044fc                RTC_IRQHandler
                0x00000000080044fc                DMA1_Channel7_IRQHandler
                0x00000000080044fc                CAN1_RX1_IRQHandler
                0x00000000080044fc                UART5_IRQHandler
                0x00000000080044fc                ADC3_IRQHandler
                0x00000000080044fc                TIM4_IRQHandler
                0x00000000080044fc                DMA2_Channel1_IRQHandler
                0x00000000080044fc                I2C1_EV_IRQHandler
                0x00000000080044fc                UART4_IRQHandler
                0x00000000080044fc                TIM3_IRQHandler
                0x00000000080044fc                RCC_IRQHandler
                0x00000000080044fc                TIM1_TRG_COM_IRQHandler
                0x00000000080044fc                DMA1_Channel1_IRQHandler
                0x00000000080044fc                Default_Handler
                0x00000000080044fc                EXTI15_10_IRQHandler
                0x00000000080044fc                TIM7_IRQHandler
                0x00000000080044fc                TIM5_IRQHandler
                0x00000000080044fc                EXTI9_5_IRQHandler
                0x00000000080044fc                SPI2_IRQHandler
                0x00000000080044fc                EXTI4_IRQHandler
                0x00000000080044fc                USB_LP_CAN1_RX0_IRQHandler
                0x00000000080044fc                USB_HP_CAN1_TX_IRQHandler
                0x00000000080044fc                DMA1_Channel3_IRQHandler
                0x00000000080044fc                FSMC_IRQHandler
                0x00000000080044fc                TIM1_UP_IRQHandler
                0x00000000080044fc                WWDG_IRQHandler
                0x00000000080044fc                TIM2_IRQHandler
                0x00000000080044fc                TIM1_BRK_IRQHandler
                0x00000000080044fc                EXTI1_IRQHandler
                0x00000000080044fc                DMA2_Channel4_5_IRQHandler
                0x00000000080044fc                USART2_IRQHandler
                0x00000000080044fc                I2C2_ER_IRQHandler
                0x00000000080044fc                DMA1_Channel2_IRQHandler
                0x00000000080044fc                TIM8_BRK_IRQHandler
                0x00000000080044fc                CAN1_SCE_IRQHandler
                0x00000000080044fc                FLASH_IRQHandler
                0x00000000080044fc                USART1_IRQHandler
                0x00000000080044fc                SPI3_IRQHandler
                0x00000000080044fc                I2C1_ER_IRQHandler
                0x00000000080044fc                USBWakeUp_IRQHandler
                0x00000000080044fc                RTC_Alarm_IRQHandler
 *fill*         0x00000000080044fe        0x2 
 .text.__errno  0x0000000008004500        0xc /Applications/Eclipse.app/Contents/Eclipse/plugins/fr.ac6.mcu.externaltools.arm-none.macos64_1.17.0.201812190825/tools/compiler/bin/../lib/gcc/arm-none-eabi/7.3.1/../../../../arm-none-eabi/lib/thumb/v7-m/libc_nano.a(lib_a-errno.o)
                0x0000000008004500                __errno
 .text.__libc_init_array
                0x000000000800450c       0x48 /Applications/Eclipse.app/Contents/Eclipse/plugins/fr.ac6.mcu.externaltools.arm-none.macos64_1.17.0.201812190825/tools/compiler/bin/../lib/gcc/arm-none-eabi/7.3.1/../../../../arm-none-eabi/lib/thumb/v7-m/libc_nano.a(lib_a-init.o)
                0x000000000800450c                __libc_init_array
 .text.memset   0x0000000008004554       0x10 /Applications/Eclipse.app/Contents/Eclipse/plugins/fr.ac6.mcu.externaltools.arm-none.macos64_1.17.0.201812190825/tools/compiler/bin/../lib/gcc/arm-none-eabi/7.3.1/../../../../arm-none-eabi/lib/thumb/v7-m/libc_nano.a(lib_a-memset.o)
                0x0000000008004554                memset
 .text.__cvt    0x0000000008004564       0xb8 /Applications/Eclipse.app/Contents/Eclipse/plugins/fr.ac6.mcu.externaltools.arm-none.macos64_1.17.0.201812190825/tools/compiler/bin/../lib/gcc/arm-none-eabi/7.3.1/../../../../arm-none-eabi/lib/thumb/v7-m/libc_nano.a(lib_a-nano-vfprintf_float.o)
                0x0000000008004564                __cvt
 .text.__exponent
                0x000000000800461c       0x6a /Applications/Eclipse.app/Contents/Eclipse/plugins/fr.ac6.mcu.externaltools.arm-none.macos64_1.17.0.201812190825/tools/compiler/bin/../lib/gcc/arm-none-eabi/7.3.1/../../../../arm-none-eabi/lib/thumb/v7-m/libc_nano.a(lib_a-nano-vfprintf_float.o)
                0x000000000800461c                __exponent
 *fill*         0x0000000008004686        0x2 
 .text._printf_float
                0x0000000008004688      0x46c /Applications/Eclipse.app/Contents/Eclipse/plugins/fr.ac6.mcu.externaltools.arm-none.macos64_1.17.0.201812190825/tools/compiler/bin/../lib/gcc/arm-none-eabi/7.3.1/../../../../arm-none-eabi/lib/thumb/v7-m/libc_nano.a(lib_a-nano-vfprintf_float.o)
                0x0000000008004688                _printf_float
 .text._printf_common
                0x0000000008004af4       0xec /Applications/Eclipse.app/Contents/Eclipse/plugins/fr.ac6.mcu.externaltools.arm-none.macos64_1.17.0.201812190825/tools/compiler/bin/../lib/gcc/arm-none-eabi/7.3.1/../../../../arm-none-eabi/lib/thumb/v7-m/libc_nano.a(lib_a-nano-vfprintf_i.o)
                0x0000000008004af4                _printf_common
 .text.quorem   0x0000000008004be0      0x11c /Applications/Eclipse.app/Contents/Eclipse/plugins/fr.ac6.mcu.externaltools.arm-none.macos64_1.17.0.201812190825/tools/compiler/bin/../lib/gcc/arm-none-eabi/7.3.1/../../../../arm-none-eabi/lib/thumb/v7-m/libc_nano.a(lib_a-dtoa.o)
 *fill*         0x0000000008004cfc        0x4 
 .text._dtoa_r  0x0000000008004d00      0xb68 /Applications/Eclipse.app/Contents/Eclipse/plugins/fr.ac6.mcu.externaltools.arm-none.macos64_1.17.0.201812190825/tools/compiler/bin/../lib/gcc/arm-none-eabi/7.3.1/../../../../arm-none-eabi/lib/thumb/v7-m/libc_nano.a(lib_a-dtoa.o)
                0x0000000008004d00                _dtoa_r
 .text._localeconv_r
                0x0000000008005868       0x1c /Applications/Eclipse.app/Contents/Eclipse/plugins/fr.ac6.mcu.externaltools.arm-none.macos64_1.17.0.201812190825/tools/compiler/bin/../lib/gcc/arm-none-eabi/7.3.1/../../../../arm-none-eabi/lib/thumb/v7-m/libc_nano.a(lib_a-localeconv.o)
                0x0000000008005868                _localeconv_r
 .text.malloc   0x0000000008005884       0x10 /Applications/Eclipse.app/Contents/Eclipse/plugins/fr.ac6.mcu.externaltools.arm-none.macos64_1.17.0.201812190825/tools/compiler/bin/../lib/gcc/arm-none-eabi/7.3.1/../../../../arm-none-eabi/lib/thumb/v7-m/libc_nano.a(lib_a-malloc.o)
                0x0000000008005884                malloc
 .text.memcpy   0x0000000008005894       0x16 /Applications/Eclipse.app/Contents/Eclipse/plugins/fr.ac6.mcu.externaltools.arm-none.macos64_1.17.0.201812190825/tools/compiler/bin/../lib/gcc/arm-none-eabi/7.3.1/../../../../arm-none-eabi/lib/thumb/v7-m/libc_nano.a(lib_a-memcpy-stub.o)
                0x0000000008005894                memcpy
 .text._Balloc  0x00000000080058aa       0x68 /Applications/Eclipse.app/Contents/Eclipse/plugins/fr.ac6.mcu.externaltools.arm-none.macos64_1.17.0.201812190825/tools/compiler/bin/../lib/gcc/arm-none-eabi/7.3.1/../../../../arm-none-eabi/lib/thumb/v7-m/libc_nano.a(lib_a-mprec.o)
                0x00000000080058aa                _Balloc
 .text._Bfree   0x0000000008005912       0x2e /Applications/Eclipse.app/Contents/Eclipse/plugins/fr.ac6.mcu.externaltools.arm-none.macos64_1.17.0.201812190825/tools/compiler/bin/../lib/gcc/arm-none-eabi/7.3.1/../../../../arm-none-eabi/lib/thumb/v7-m/libc_nano.a(lib_a-mprec.o)
                0x0000000008005912                _Bfree
 .text.__multadd
                0x0000000008005940       0x76 /Applications/Eclipse.app/Contents/Eclipse/plugins/fr.ac6.mcu.externaltools.arm-none.macos64_1.17.0.201812190825/tools/compiler/bin/../lib/gcc/arm-none-eabi/7.3.1/../../../../arm-none-eabi/lib/thumb/v7-m/libc_nano.a(lib_a-mprec.o)
                0x0000000008005940                __multadd
 .text.__hi0bits
                0x00000000080059b6       0x3e /Applications/Eclipse.app/Contents/Eclipse/plugins/fr.ac6.mcu.externaltools.arm-none.macos64_1.17.0.201812190825/tools/compiler/bin/../lib/gcc/arm-none-eabi/7.3.1/../../../../arm-none-eabi/lib/thumb/v7-m/libc_nano.a(lib_a-mprec.o)
                0x00000000080059b6                __hi0bits
 .text.__lo0bits
                0x00000000080059f4       0x5e /Applications/Eclipse.app/Contents/Eclipse/plugins/fr.ac6.mcu.externaltools.arm-none.macos64_1.17.0.201812190825/tools/compiler/bin/../lib/gcc/arm-none-eabi/7.3.1/../../../../arm-none-eabi/lib/thumb/v7-m/libc_nano.a(lib_a-mprec.o)
                0x00000000080059f4                __lo0bits
 .text.__i2b    0x0000000008005a52       0x12 /Applications/Eclipse.app/Contents/Eclipse/plugins/fr.ac6.mcu.externaltools.arm-none.macos64_1.17.0.201812190825/tools/compiler/bin/../lib/gcc/arm-none-eabi/7.3.1/../../../../arm-none-eabi/lib/thumb/v7-m/libc_nano.a(lib_a-mprec.o)
                0x0000000008005a52                __i2b
 .text.__multiply
                0x0000000008005a64      0x12a /Applications/Eclipse.app/Contents/Eclipse/plugins/fr.ac6.mcu.externaltools.arm-none.macos64_1.17.0.201812190825/tools/compiler/bin/../lib/gcc/arm-none-eabi/7.3.1/../../../../arm-none-eabi/lib/thumb/v7-m/libc_nano.a(lib_a-mprec.o)
                0x0000000008005a64                __multiply
 *fill*         0x0000000008005b8e        0x2 
 .text.__pow5mult
                0x0000000008005b90       0x9c /Applications/Eclipse.app/Contents/Eclipse/plugins/fr.ac6.mcu.externaltools.arm-none.macos64_1.17.0.201812190825/tools/compiler/bin/../lib/gcc/arm-none-eabi/7.3.1/../../../../arm-none-eabi/lib/thumb/v7-m/libc_nano.a(lib_a-mprec.o)
                0x0000000008005b90                __pow5mult
 .text.__lshift
                0x0000000008005c2c       0xa8 /Applications/Eclipse.app/Contents/Eclipse/plugins/fr.ac6.mcu.externaltools.arm-none.macos64_1.17.0.201812190825/tools/compiler/bin/../lib/gcc/arm-none-eabi/7.3.1/../../../../arm-none-eabi/lib/thumb/v7-m/libc_nano.a(lib_a-mprec.o)
                0x0000000008005c2c                __lshift
 .text.__mcmp   0x0000000008005cd4       0x34 /Applications/Eclipse.app/Contents/Eclipse/plugins/fr.ac6.mcu.externaltools.arm-none.macos64_1.17.0.201812190825/tools/compiler/bin/../lib/gcc/arm-none-eabi/7.3.1/../../../../arm-none-eabi/lib/thumb/v7-m/libc_nano.a(lib_a-mprec.o)
                0x0000000008005cd4                __mcmp
 .text.__mdiff  0x0000000008005d08       0xbc /Applications/Eclipse.app/Contents/Eclipse/plugins/fr.ac6.mcu.externaltools.arm-none.macos64_1.17.0.201812190825/tools/compiler/bin/../lib/gcc/arm-none-eabi/7.3.1/../../../../arm-none-eabi/lib/thumb/v7-m/libc_nano.a(lib_a-mprec.o)
                0x0000000008005d08                __mdiff
 .text.__d2b    0x0000000008005dc4       0x9e /Applications/Eclipse.app/Contents/Eclipse/plugins/fr.ac6.mcu.externaltools.arm-none.macos64_1.17.0.201812190825/tools/compiler/bin/../lib/gcc/arm-none-eabi/7.3.1/../../../../arm-none-eabi/lib/thumb/v7-m/libc_nano.a(lib_a-mprec.o)
                0x0000000008005dc4                __d2b
 .text._calloc_r
                0x0000000008005e62       0x1c /Applications/Eclipse.app/Contents/Eclipse/plugins/fr.ac6.mcu.externaltools.arm-none.macos64_1.17.0.201812190825/tools/compiler/bin/../lib/gcc/arm-none-eabi/7.3.1/../../../../arm-none-eabi/lib/thumb/v7-m/libc_nano.a(lib_a-nano-callocr.o)
                0x0000000008005e62                _calloc_r
 *fill*         0x0000000008005e7e        0x2 
 .text._malloc_r
                0x0000000008005e80       0xb4 /Applications/Eclipse.app/Contents/Eclipse/plugins/fr.ac6.mcu.externaltools.arm-none.macos64_1.17.0.201812190825/tools/compiler/bin/../lib/gcc/arm-none-eabi/7.3.1/../../../../arm-none-eabi/lib/thumb/v7-m/libc_nano.a(lib_a-nano-mallocr.o)
                0x0000000008005e80                _malloc_r
 .text._sbrk_r  0x0000000008005f34       0x20 /Applications/Eclipse.app/Contents/Eclipse/plugins/fr.ac6.mcu.externaltools.arm-none.macos64_1.17.0.201812190825/tools/compiler/bin/../lib/gcc/arm-none-eabi/7.3.1/../../../../arm-none-eabi/lib/thumb/v7-m/libc_nano.a(lib_a-sbrkr.o)
                0x0000000008005f34                _sbrk_r
 .text.__ascii_mbtowc
                0x0000000008005f54       0x24 /Applications/Eclipse.app/Contents/Eclipse/plugins/fr.ac6.mcu.externaltools.arm-none.macos64_1.17.0.201812190825/tools/compiler/bin/../lib/gcc/arm-none-eabi/7.3.1/../../../../arm-none-eabi/lib/thumb/v7-m/libc_nano.a(lib_a-mbtowc_r.o)
                0x0000000008005f54                __ascii_mbtowc
 .text.__malloc_lock
                0x0000000008005f78        0x2 /Applications/Eclipse.app/Contents/Eclipse/plugins/fr.ac6.mcu.externaltools.arm-none.macos64_1.17.0.201812190825/tools/compiler/bin/../lib/gcc/arm-none-eabi/7.3.1/../../../../arm-none-eabi/lib/thumb/v7-m/libc_nano.a(lib_a-mlock.o)
                0x0000000008005f78                __malloc_lock
 .text.__malloc_unlock
                0x0000000008005f7a        0x2 /Applications/Eclipse.app/Contents/Eclipse/plugins/fr.ac6.mcu.externaltools.arm-none.macos64_1.17.0.201812190825/tools/compiler/bin/../lib/gcc/arm-none-eabi/7.3.1/../../../../arm-none-eabi/lib/thumb/v7-m/libc_nano.a(lib_a-mlock.o)
                0x0000000008005f7a                __malloc_unlock
 .text.__ascii_wctomb
                0x0000000008005f7c       0x1a /Applications/Eclipse.app/Contents/Eclipse/plugins/fr.ac6.mcu.externaltools.arm-none.macos64_1.17.0.201812190825/tools/compiler/bin/../lib/gcc/arm-none-eabi/7.3.1/../../../../arm-none-eabi/lib/thumb/v7-m/libc_nano.a(lib_a-wctomb_r.o)
                0x0000000008005f7c                __ascii_wctomb
 *(.glue_7)
 .glue_7        0x0000000008005f96        0x0 linker stubs
 *(.glue_7t)
 .glue_7t       0x0000000008005f96        0x0 linker stubs
 *(.eh_frame)
 *fill*         0x0000000008005f96        0x2 
 .eh_frame      0x0000000008005f98        0x0 /Applications/Eclipse.app/Contents/Eclipse/plugins/fr.ac6.mcu.externaltools.arm-none.macos64_1.17.0.201812190825/tools/compiler/bin/../lib/gcc/arm-none-eabi/7.3.1/thumb/v7-m/crtbegin.o
 *(.init)
 .init          0x0000000008005f98        0x4 /Applications/Eclipse.app/Contents/Eclipse/plugins/fr.ac6.mcu.externaltools.arm-none.macos64_1.17.0.201812190825/tools/compiler/bin/../lib/gcc/arm-none-eabi/7.3.1/thumb/v7-m/crti.o
                0x0000000008005f98                _init
 .init          0x0000000008005f9c        0x8 /Applications/Eclipse.app/Contents/Eclipse/plugins/fr.ac6.mcu.externaltools.arm-none.macos64_1.17.0.201812190825/tools/compiler/bin/../lib/gcc/arm-none-eabi/7.3.1/thumb/v7-m/crtn.o
 *(.fini)
 .fini          0x0000000008005fa4        0x4 /Applications/Eclipse.app/Contents/Eclipse/plugins/fr.ac6.mcu.externaltools.arm-none.macos64_1.17.0.201812190825/tools/compiler/bin/../lib/gcc/arm-none-eabi/7.3.1/thumb/v7-m/crti.o
                0x0000000008005fa4                _fini
 .fini          0x0000000008005fa8        0x8 /Applications/Eclipse.app/Contents/Eclipse/plugins/fr.ac6.mcu.externaltools.arm-none.macos64_1.17.0.201812190825/tools/compiler/bin/../lib/gcc/arm-none-eabi/7.3.1/thumb/v7-m/crtn.o
                0x0000000008005fb0                . = ALIGN (0x4)
                0x0000000008005fb0                _etext = .

.vfp11_veneer   0x0000000008005fb0        0x0
 .vfp11_veneer  0x0000000008005fb0        0x0 linker stubs

.v4_bx          0x0000000008005fb0        0x0
 .v4_bx         0x0000000008005fb0        0x0 linker stubs

.iplt           0x0000000008005fb0        0x0
 .iplt          0x0000000008005fb0        0x0 /Applications/Eclipse.app/Contents/Eclipse/plugins/fr.ac6.mcu.externaltools.arm-none.macos64_1.17.0.201812190825/tools/compiler/bin/../lib/gcc/arm-none-eabi/7.3.1/thumb/v7-m/crtbegin.o

.rodata         0x0000000008005fb0      0x378
                0x0000000008005fb0                . = ALIGN (0x4)
 *(.rodata)
 .rodata        0x0000000008005fb0       0x12 Drivers/STM32F1xx_HAL_Driver/Src/stm32f1xx_hal_rcc.o
 *fill*         0x0000000008005fc2        0x2 
 .rodata        0x0000000008005fc4       0x12 Drivers/STM32F1xx_HAL_Driver/Src/stm32f1xx_hal_rcc_ex.o
 *fill*         0x0000000008005fd6        0x2 
 .rodata        0x0000000008005fd8      0x10b Src/main.o
 *fill*         0x00000000080060e3        0x1 
 .rodata        0x00000000080060e4       0x18 Src/system_stm32f1xx.o
                0x00000000080060e4                AHBPrescTable
                0x00000000080060f4                APBPrescTable
 *(.rodata*)
 .rodata._printf_float.str1.1
                0x00000000080060fc       0x12 /Applications/Eclipse.app/Contents/Eclipse/plugins/fr.ac6.mcu.externaltools.arm-none.macos64_1.17.0.201812190825/tools/compiler/bin/../lib/gcc/arm-none-eabi/7.3.1/../../../../arm-none-eabi/lib/thumb/v7-m/libc_nano.a(lib_a-nano-vfprintf_float.o)
 .rodata._dtoa_r.str1.1
                0x000000000800610e        0xd /Applications/Eclipse.app/Contents/Eclipse/plugins/fr.ac6.mcu.externaltools.arm-none.macos64_1.17.0.201812190825/tools/compiler/bin/../lib/gcc/arm-none-eabi/7.3.1/../../../../arm-none-eabi/lib/thumb/v7-m/libc_nano.a(lib_a-dtoa.o)
                                          0xf (size before relaxing)
 *fill*         0x000000000800611b        0x5 
 .rodata.__mprec_bigtens
                0x0000000008006120       0x28 /Applications/Eclipse.app/Contents/Eclipse/plugins/fr.ac6.mcu.externaltools.arm-none.macos64_1.17.0.201812190825/tools/compiler/bin/../lib/gcc/arm-none-eabi/7.3.1/../../../../arm-none-eabi/lib/thumb/v7-m/libc_nano.a(lib_a-mprec.o)
                0x0000000008006120                __mprec_bigtens
 .rodata.__mprec_tens
                0x0000000008006148       0xc8 /Applications/Eclipse.app/Contents/Eclipse/plugins/fr.ac6.mcu.externaltools.arm-none.macos64_1.17.0.201812190825/tools/compiler/bin/../lib/gcc/arm-none-eabi/7.3.1/../../../../arm-none-eabi/lib/thumb/v7-m/libc_nano.a(lib_a-mprec.o)
                0x0000000008006148                __mprec_tens
 .rodata.p05.6084
                0x0000000008006210        0xc /Applications/Eclipse.app/Contents/Eclipse/plugins/fr.ac6.mcu.externaltools.arm-none.macos64_1.17.0.201812190825/tools/compiler/bin/../lib/gcc/arm-none-eabi/7.3.1/../../../../arm-none-eabi/lib/thumb/v7-m/libc_nano.a(lib_a-mprec.o)
 .rodata._setlocale_r.str1.1
                0x000000000800621c        0x8 /Applications/Eclipse.app/Contents/Eclipse/plugins/fr.ac6.mcu.externaltools.arm-none.macos64_1.17.0.201812190825/tools/compiler/bin/../lib/gcc/arm-none-eabi/7.3.1/../../../../arm-none-eabi/lib/thumb/v7-m/libc_nano.a(lib_a-locale.o)
                                          0x9 (size before relaxing)
 .rodata.str1.1
                0x0000000008006224        0x2 /Applications/Eclipse.app/Contents/Eclipse/plugins/fr.ac6.mcu.externaltools.arm-none.macos64_1.17.0.201812190825/tools/compiler/bin/../lib/gcc/arm-none-eabi/7.3.1/../../../../arm-none-eabi/lib/thumb/v7-m/libc_nano.a(lib_a-locale.o)
 .rodata._ctype_
                0x0000000008006226      0x101 /Applications/Eclipse.app/Contents/Eclipse/plugins/fr.ac6.mcu.externaltools.arm-none.macos64_1.17.0.201812190825/tools/compiler/bin/../lib/gcc/arm-none-eabi/7.3.1/../../../../arm-none-eabi/lib/thumb/v7-m/libc_nano.a(lib_a-ctype_.o)
                0x0000000008006226                _ctype_
                0x0000000008006328                . = ALIGN (0x4)
 *fill*         0x0000000008006327        0x1 

.rel.dyn        0x0000000008006328        0x0
 .rel.iplt      0x0000000008006328        0x0 /Applications/Eclipse.app/Contents/Eclipse/plugins/fr.ac6.mcu.externaltools.arm-none.macos64_1.17.0.201812190825/tools/compiler/bin/../lib/gcc/arm-none-eabi/7.3.1/thumb/v7-m/crtbegin.o

.ARM.extab
 *(.ARM.extab* .gnu.linkonce.armextab.*)

.ARM            0x0000000008006328        0x0
                0x0000000008006328                __exidx_start = .
 *(.ARM.exidx*)
                0x0000000008006328                __exidx_end = .

.preinit_array  0x0000000008006328        0x0
                0x0000000008006328                PROVIDE (__preinit_array_start = .)
 *(.preinit_array*)
                0x0000000008006328                PROVIDE (__preinit_array_end = .)

.init_array     0x0000000008006328        0x4
                0x0000000008006328                PROVIDE (__init_array_start = .)
 *(SORT_BY_NAME(.init_array.*))
 *(.init_array*)
 .init_array    0x0000000008006328        0x4 /Applications/Eclipse.app/Contents/Eclipse/plugins/fr.ac6.mcu.externaltools.arm-none.macos64_1.17.0.201812190825/tools/compiler/bin/../lib/gcc/arm-none-eabi/7.3.1/thumb/v7-m/crtbegin.o
                0x000000000800632c                PROVIDE (__init_array_end = .)

.fini_array     0x000000000800632c        0x4
                [!provide]                        PROVIDE (__fini_array_start = .)
 *(SORT_BY_NAME(.fini_array.*))
 *(.fini_array*)
 .fini_array    0x000000000800632c        0x4 /Applications/Eclipse.app/Contents/Eclipse/plugins/fr.ac6.mcu.externaltools.arm-none.macos64_1.17.0.201812190825/tools/compiler/bin/../lib/gcc/arm-none-eabi/7.3.1/thumb/v7-m/crtbegin.o
                [!provide]                        PROVIDE (__fini_array_end = .)
                0x0000000008006330                _sidata = LOADADDR (.data)

.data           0x0000000020000000      0x1e8 load address 0x0000000008006330
                0x0000000020000000                . = ALIGN (0x4)
                0x0000000020000000                _sdata = .
 *(.data)
 .data          0x0000000020000000        0x8 Drivers/STM32F1xx_HAL_Driver/Src/stm32f1xx_hal.o
                0x0000000020000000                uwTickFreq
                0x0000000020000004                uwTickPrio
 .data          0x0000000020000008        0xc Src/main.o
                0x0000000020000008                delayTime
                0x000000002000000c                delayTime2
                0x0000000020000010                offTime
 .data          0x0000000020000014        0x4 Src/system_stm32f1xx.o
                0x0000000020000014                SystemCoreClock
 *(.data*)
 .data._impure_ptr
                0x0000000020000018        0x4 /Applications/Eclipse.app/Contents/Eclipse/plugins/fr.ac6.mcu.externaltools.arm-none.macos64_1.17.0.201812190825/tools/compiler/bin/../lib/gcc/arm-none-eabi/7.3.1/../../../../arm-none-eabi/lib/thumb/v7-m/libc_nano.a(lib_a-impure.o)
                0x0000000020000018                _impure_ptr
 .data.impure_data
                0x000000002000001c       0x60 /Applications/Eclipse.app/Contents/Eclipse/plugins/fr.ac6.mcu.externaltools.arm-none.macos64_1.17.0.201812190825/tools/compiler/bin/../lib/gcc/arm-none-eabi/7.3.1/../../../../arm-none-eabi/lib/thumb/v7-m/libc_nano.a(lib_a-impure.o)
 .data.__global_locale
                0x000000002000007c      0x16c /Applications/Eclipse.app/Contents/Eclipse/plugins/fr.ac6.mcu.externaltools.arm-none.macos64_1.17.0.201812190825/tools/compiler/bin/../lib/gcc/arm-none-eabi/7.3.1/../../../../arm-none-eabi/lib/thumb/v7-m/libc_nano.a(lib_a-locale.o)
                0x000000002000007c                __global_locale
                0x00000000200001e8                . = ALIGN (0x4)
                0x00000000200001e8                _edata = .

.igot.plt       0x00000000200001e8        0x0 load address 0x0000000008006518
 .igot.plt      0x00000000200001e8        0x0 /Applications/Eclipse.app/Contents/Eclipse/plugins/fr.ac6.mcu.externaltools.arm-none.macos64_1.17.0.201812190825/tools/compiler/bin/../lib/gcc/arm-none-eabi/7.3.1/thumb/v7-m/crtbegin.o
                0x00000000200001e8                . = ALIGN (0x4)

.bss            0x00000000200001e8      0x200 load address 0x0000000008006518
                0x00000000200001e8                _sbss = .
                0x00000000200001e8                __bss_start__ = _sbss
 *(.bss)
 .bss           0x00000000200001e8       0x1c /Applications/Eclipse.app/Contents/Eclipse/plugins/fr.ac6.mcu.externaltools.arm-none.macos64_1.17.0.201812190825/tools/compiler/bin/../lib/gcc/arm-none-eabi/7.3.1/thumb/v7-m/crtbegin.o
 .bss           0x0000000020000204        0x8 Src/syscalls.o
                0x0000000020000208                __env
 *(.bss*)
 .bss.__malloc_free_list
                0x000000002000020c        0x4 /Applications/Eclipse.app/Contents/Eclipse/plugins/fr.ac6.mcu.externaltools.arm-none.macos64_1.17.0.201812190825/tools/compiler/bin/../lib/gcc/arm-none-eabi/7.3.1/../../../../arm-none-eabi/lib/thumb/v7-m/libc_nano.a(lib_a-nano-mallocr.o)
                0x000000002000020c                __malloc_free_list
 .bss.__malloc_sbrk_start
                0x0000000020000210        0x4 /Applications/Eclipse.app/Contents/Eclipse/plugins/fr.ac6.mcu.externaltools.arm-none.macos64_1.17.0.201812190825/tools/compiler/bin/../lib/gcc/arm-none-eabi/7.3.1/../../../../arm-none-eabi/lib/thumb/v7-m/libc_nano.a(lib_a-nano-mallocr.o)
                0x0000000020000210                __malloc_sbrk_start
 *(COMMON)
 COMMON         0x0000000020000214        0x4 Drivers/STM32F1xx_HAL_Driver/Src/stm32f1xx_hal.o
                0x0000000020000214                uwTick
 COMMON         0x0000000020000218       0x30 Src/adc.o
                0x0000000020000218                hadc1
 COMMON         0x0000000020000248       0x54 Src/i2c.o
                0x0000000020000248                hi2c1
 COMMON         0x000000002000029c       0x40 Src/tim.o
                0x000000002000029c                htim4
 COMMON         0x00000000200002dc      0x108 Src/usart.o
                0x00000000200002dc                hdma_usart2_rx
                0x0000000020000320                hdma_usart1_rx
                0x0000000020000364                huart1
                0x00000000200003a4                huart2
 COMMON         0x00000000200003e4        0x4 /Applications/Eclipse.app/Contents/Eclipse/plugins/fr.ac6.mcu.externaltools.arm-none.macos64_1.17.0.201812190825/tools/compiler/bin/../lib/gcc/arm-none-eabi/7.3.1/../../../../arm-none-eabi/lib/thumb/v7-m/libc_nano.a(lib_a-reent.o)
                0x00000000200003e4                errno
                0x00000000200003e8                . = ALIGN (0x4)
                0x00000000200003e8                _ebss = .
                0x00000000200003e8                __bss_end__ = _ebss

._user_heap_stack
                0x00000000200003e8      0x600 load address 0x0000000008006518
                0x00000000200003e8                . = ALIGN (0x8)
                0x00000000200003e8                PROVIDE (end = .)
                [!provide]                        PROVIDE (_end = .)
                0x00000000200005e8                . = (. + _Min_Heap_Size)
 *fill*         0x00000000200003e8      0x200 
                0x00000000200009e8                . = (. + _Min_Stack_Size)
 *fill*         0x00000000200005e8      0x400 
                0x00000000200009e8                . = ALIGN (0x8)

/DISCARD/
 libc.a(*)
 libm.a(*)
 libgcc.a(*)

.ARM.attributes
                0x0000000000000000       0x29
 *(.ARM.attributes)
 .ARM.attributes
                0x0000000000000000       0x1d /Applications/Eclipse.app/Contents/Eclipse/plugins/fr.ac6.mcu.externaltools.arm-none.macos64_1.17.0.201812190825/tools/compiler/bin/../lib/gcc/arm-none-eabi/7.3.1/thumb/v7-m/crti.o
 .ARM.attributes
                0x000000000000001d       0x2d /Applications/Eclipse.app/Contents/Eclipse/plugins/fr.ac6.mcu.externaltools.arm-none.macos64_1.17.0.201812190825/tools/compiler/bin/../lib/gcc/arm-none-eabi/7.3.1/thumb/v7-m/crtbegin.o
 .ARM.attributes
                0x000000000000004a       0x33 Drivers/STM32F1xx_HAL_Driver/Src/stm32f1xx_hal.o
 .ARM.attributes
                0x000000000000007d       0x33 Drivers/STM32F1xx_HAL_Driver/Src/stm32f1xx_hal_adc.o
 .ARM.attributes
                0x00000000000000b0       0x33 Drivers/STM32F1xx_HAL_Driver/Src/stm32f1xx_hal_adc_ex.o
 .ARM.attributes
                0x00000000000000e3       0x33 Drivers/STM32F1xx_HAL_Driver/Src/stm32f1xx_hal_cortex.o
 .ARM.attributes
                0x0000000000000116       0x33 Drivers/STM32F1xx_HAL_Driver/Src/stm32f1xx_hal_dma.o
 .ARM.attributes
                0x0000000000000149       0x33 Drivers/STM32F1xx_HAL_Driver/Src/stm32f1xx_hal_gpio.o
 .ARM.attributes
                0x000000000000017c       0x33 Drivers/STM32F1xx_HAL_Driver/Src/stm32f1xx_hal_i2c.o
 .ARM.attributes
                0x00000000000001af       0x33 Drivers/STM32F1xx_HAL_Driver/Src/stm32f1xx_hal_rcc.o
 .ARM.attributes
                0x00000000000001e2       0x33 Drivers/STM32F1xx_HAL_Driver/Src/stm32f1xx_hal_rcc_ex.o
 .ARM.attributes
                0x0000000000000215       0x33 Drivers/STM32F1xx_HAL_Driver/Src/stm32f1xx_hal_tim.o
 .ARM.attributes
                0x0000000000000248       0x33 Drivers/STM32F1xx_HAL_Driver/Src/stm32f1xx_hal_tim_ex.o
 .ARM.attributes
                0x000000000000027b       0x33 Drivers/STM32F1xx_HAL_Driver/Src/stm32f1xx_hal_uart.o
 .ARM.attributes
                0x00000000000002ae       0x33 Src/adc.o
 .ARM.attributes
                0x00000000000002e1       0x33 Src/dma.o
 .ARM.attributes
                0x0000000000000314       0x33 Src/gpio.o
 .ARM.attributes
                0x0000000000000347       0x33 Src/i2c.o
 .ARM.attributes
                0x000000000000037a       0x33 Src/main.o
 .ARM.attributes
                0x00000000000003ad       0x33 Src/stm32f1xx_hal_msp.o
 .ARM.attributes
                0x00000000000003e0       0x33 Src/stm32f1xx_it.o
 .ARM.attributes
                0x0000000000000413       0x33 Src/syscalls.o
 .ARM.attributes
                0x0000000000000446       0x33 Src/system_stm32f1xx.o
 .ARM.attributes
                0x0000000000000479       0x33 Src/tim.o
 .ARM.attributes
                0x00000000000004ac       0x33 Src/usart.o
 .ARM.attributes
                0x00000000000004df       0x21 startup/startup_stm32f103xe.o
 .ARM.attributes
                0x0000000000000500       0x1d /Applications/Eclipse.app/Contents/Eclipse/plugins/fr.ac6.mcu.externaltools.arm-none.macos64_1.17.0.201812190825/tools/compiler/bin/../lib/gcc/arm-none-eabi/7.3.1/thumb/v7-m/libgcc.a(_arm_addsubdf3.o)
 .ARM.attributes
                0x000000000000051d       0x1d /Applications/Eclipse.app/Contents/Eclipse/plugins/fr.ac6.mcu.externaltools.arm-none.macos64_1.17.0.201812190825/tools/compiler/bin/../lib/gcc/arm-none-eabi/7.3.1/thumb/v7-m/libgcc.a(_arm_muldivdf3.o)
 .ARM.attributes
                0x000000000000053a       0x1d /Applications/Eclipse.app/Contents/Eclipse/plugins/fr.ac6.mcu.externaltools.arm-none.macos64_1.17.0.201812190825/tools/compiler/bin/../lib/gcc/arm-none-eabi/7.3.1/thumb/v7-m/libgcc.a(_arm_truncdfsf2.o)
 .ARM.attributes
                0x0000000000000557       0x1d /Applications/Eclipse.app/Contents/Eclipse/plugins/fr.ac6.mcu.externaltools.arm-none.macos64_1.17.0.201812190825/tools/compiler/bin/../lib/gcc/arm-none-eabi/7.3.1/thumb/v7-m/libgcc.a(_arm_addsubsf3.o)
 .ARM.attributes
                0x0000000000000574       0x1d /Applications/Eclipse.app/Contents/Eclipse/plugins/fr.ac6.mcu.externaltools.arm-none.macos64_1.17.0.201812190825/tools/compiler/bin/../lib/gcc/arm-none-eabi/7.3.1/thumb/v7-m/libgcc.a(_arm_muldivsf3.o)
 .ARM.attributes
                0x0000000000000591       0x1d /Applications/Eclipse.app/Contents/Eclipse/plugins/fr.ac6.mcu.externaltools.arm-none.macos64_1.17.0.201812190825/tools/compiler/bin/../lib/gcc/arm-none-eabi/7.3.1/thumb/v7-m/libgcc.a(_arm_cmpsf2.o)
 .ARM.attributes
                0x00000000000005ae       0x1d /Applications/Eclipse.app/Contents/Eclipse/plugins/fr.ac6.mcu.externaltools.arm-none.macos64_1.17.0.201812190825/tools/compiler/bin/../lib/gcc/arm-none-eabi/7.3.1/thumb/v7-m/libgcc.a(_arm_fixunssfsi.o)
 .ARM.attributes
                0x00000000000005cb       0x2d /Applications/Eclipse.app/Contents/Eclipse/plugins/fr.ac6.mcu.externaltools.arm-none.macos64_1.17.0.201812190825/tools/compiler/bin/../lib/gcc/arm-none-eabi/7.3.1/../../../../arm-none-eabi/lib/thumb/v7-m/libc_nano.a(lib_a-errno.o)
 .ARM.attributes
                0x00000000000005f8       0x2d /Applications/Eclipse.app/Contents/Eclipse/plugins/fr.ac6.mcu.externaltools.arm-none.macos64_1.17.0.201812190825/tools/compiler/bin/../lib/gcc/arm-none-eabi/7.3.1/../../../../arm-none-eabi/lib/thumb/v7-m/libc_nano.a(lib_a-impure.o)
 .ARM.attributes
                0x0000000000000625       0x2d /Applications/Eclipse.app/Contents/Eclipse/plugins/fr.ac6.mcu.externaltools.arm-none.macos64_1.17.0.201812190825/tools/compiler/bin/../lib/gcc/arm-none-eabi/7.3.1/../../../../arm-none-eabi/lib/thumb/v7-m/libc_nano.a(lib_a-init.o)
 .ARM.attributes
                0x0000000000000652       0x2d /Applications/Eclipse.app/Contents/Eclipse/plugins/fr.ac6.mcu.externaltools.arm-none.macos64_1.17.0.201812190825/tools/compiler/bin/../lib/gcc/arm-none-eabi/7.3.1/../../../../arm-none-eabi/lib/thumb/v7-m/libc_nano.a(lib_a-memset.o)
 .ARM.attributes
                0x000000000000067f       0x2d /Applications/Eclipse.app/Contents/Eclipse/plugins/fr.ac6.mcu.externaltools.arm-none.macos64_1.17.0.201812190825/tools/compiler/bin/../lib/gcc/arm-none-eabi/7.3.1/../../../../arm-none-eabi/lib/thumb/v7-m/libc_nano.a(lib_a-nano-vfprintf_float.o)
 .ARM.attributes
                0x00000000000006ac       0x2d /Applications/Eclipse.app/Contents/Eclipse/plugins/fr.ac6.mcu.externaltools.arm-none.macos64_1.17.0.201812190825/tools/compiler/bin/../lib/gcc/arm-none-eabi/7.3.1/../../../../arm-none-eabi/lib/thumb/v7-m/libc_nano.a(lib_a-nano-vfprintf_i.o)
 .ARM.attributes
                0x00000000000006d9       0x17 /Applications/Eclipse.app/Contents/Eclipse/plugins/fr.ac6.mcu.externaltools.arm-none.macos64_1.17.0.201812190825/tools/compiler/bin/../lib/gcc/arm-none-eabi/7.3.1/../../../../arm-none-eabi/lib/thumb/v7-m/libc_nano.a(lib_a-strlen.o)
 .ARM.attributes
                0x00000000000006f0       0x2d /Applications/Eclipse.app/Contents/Eclipse/plugins/fr.ac6.mcu.externaltools.arm-none.macos64_1.17.0.201812190825/tools/compiler/bin/../lib/gcc/arm-none-eabi/7.3.1/../../../../arm-none-eabi/lib/thumb/v7-m/libc_nano.a(lib_a-dtoa.o)
 .ARM.attributes
                0x000000000000071d       0x2d /Applications/Eclipse.app/Contents/Eclipse/plugins/fr.ac6.mcu.externaltools.arm-none.macos64_1.17.0.201812190825/tools/compiler/bin/../lib/gcc/arm-none-eabi/7.3.1/../../../../arm-none-eabi/lib/thumb/v7-m/libc_nano.a(lib_a-localeconv.o)
 .ARM.attributes
                0x000000000000074a       0x2d /Applications/Eclipse.app/Contents/Eclipse/plugins/fr.ac6.mcu.externaltools.arm-none.macos64_1.17.0.201812190825/tools/compiler/bin/../lib/gcc/arm-none-eabi/7.3.1/../../../../arm-none-eabi/lib/thumb/v7-m/libc_nano.a(lib_a-malloc.o)
 .ARM.attributes
                0x0000000000000777       0x2d /Applications/Eclipse.app/Contents/Eclipse/plugins/fr.ac6.mcu.externaltools.arm-none.macos64_1.17.0.201812190825/tools/compiler/bin/../lib/gcc/arm-none-eabi/7.3.1/../../../../arm-none-eabi/lib/thumb/v7-m/libc_nano.a(lib_a-memcpy-stub.o)
 .ARM.attributes
                0x00000000000007a4       0x2d /Applications/Eclipse.app/Contents/Eclipse/plugins/fr.ac6.mcu.externaltools.arm-none.macos64_1.17.0.201812190825/tools/compiler/bin/../lib/gcc/arm-none-eabi/7.3.1/../../../../arm-none-eabi/lib/thumb/v7-m/libc_nano.a(lib_a-mprec.o)
 .ARM.attributes
                0x00000000000007d1       0x2d /Applications/Eclipse.app/Contents/Eclipse/plugins/fr.ac6.mcu.externaltools.arm-none.macos64_1.17.0.201812190825/tools/compiler/bin/../lib/gcc/arm-none-eabi/7.3.1/../../../../arm-none-eabi/lib/thumb/v7-m/libc_nano.a(lib_a-nano-callocr.o)
 .ARM.attributes
                0x00000000000007fe       0x2d /Applications/Eclipse.app/Contents/Eclipse/plugins/fr.ac6.mcu.externaltools.arm-none.macos64_1.17.0.201812190825/tools/compiler/bin/../lib/gcc/arm-none-eabi/7.3.1/../../../../arm-none-eabi/lib/thumb/v7-m/libc_nano.a(lib_a-nano-mallocr.o)
 .ARM.attributes
                0x000000000000082b       0x2d /Applications/Eclipse.app/Contents/Eclipse/plugins/fr.ac6.mcu.externaltools.arm-none.macos64_1.17.0.201812190825/tools/compiler/bin/../lib/gcc/arm-none-eabi/7.3.1/../../../../arm-none-eabi/lib/thumb/v7-m/libc_nano.a(lib_a-sbrkr.o)
 .ARM.attributes
                0x0000000000000858       0x2d /Applications/Eclipse.app/Contents/Eclipse/plugins/fr.ac6.mcu.externaltools.arm-none.macos64_1.17.0.201812190825/tools/compiler/bin/../lib/gcc/arm-none-eabi/7.3.1/../../../../arm-none-eabi/lib/thumb/v7-m/libc_nano.a(lib_a-locale.o)
 .ARM.attributes
                0x0000000000000885       0x2d /Applications/Eclipse.app/Contents/Eclipse/plugins/fr.ac6.mcu.externaltools.arm-none.macos64_1.17.0.201812190825/tools/compiler/bin/../lib/gcc/arm-none-eabi/7.3.1/../../../../arm-none-eabi/lib/thumb/v7-m/libc_nano.a(lib_a-mbtowc_r.o)
 .ARM.attributes
                0x00000000000008b2       0x2d /Applications/Eclipse.app/Contents/Eclipse/plugins/fr.ac6.mcu.externaltools.arm-none.macos64_1.17.0.201812190825/tools/compiler/bin/../lib/gcc/arm-none-eabi/7.3.1/../../../../arm-none-eabi/lib/thumb/v7-m/libc_nano.a(lib_a-mlock.o)
 .ARM.attributes
                0x00000000000008df       0x2d /Applications/Eclipse.app/Contents/Eclipse/plugins/fr.ac6.mcu.externaltools.arm-none.macos64_1.17.0.201812190825/tools/compiler/bin/../lib/gcc/arm-none-eabi/7.3.1/../../../../arm-none-eabi/lib/thumb/v7-m/libc_nano.a(lib_a-reent.o)
 .ARM.attributes
                0x000000000000090c       0x2d /Applications/Eclipse.app/Contents/Eclipse/plugins/fr.ac6.mcu.externaltools.arm-none.macos64_1.17.0.201812190825/tools/compiler/bin/../lib/gcc/arm-none-eabi/7.3.1/../../../../arm-none-eabi/lib/thumb/v7-m/libc_nano.a(lib_a-wctomb_r.o)
 .ARM.attributes
                0x0000000000000939       0x2d /Applications/Eclipse.app/Contents/Eclipse/plugins/fr.ac6.mcu.externaltools.arm-none.macos64_1.17.0.201812190825/tools/compiler/bin/../lib/gcc/arm-none-eabi/7.3.1/../../../../arm-none-eabi/lib/thumb/v7-m/libc_nano.a(lib_a-ctype_.o)
 .ARM.attributes
                0x0000000000000966       0x1d /Applications/Eclipse.app/Contents/Eclipse/plugins/fr.ac6.mcu.externaltools.arm-none.macos64_1.17.0.201812190825/tools/compiler/bin/../lib/gcc/arm-none-eabi/7.3.1/thumb/v7-m/libgcc.a(_arm_cmpdf2.o)
 .ARM.attributes
                0x0000000000000983       0x1d /Applications/Eclipse.app/Contents/Eclipse/plugins/fr.ac6.mcu.externaltools.arm-none.macos64_1.17.0.201812190825/tools/compiler/bin/../lib/gcc/arm-none-eabi/7.3.1/thumb/v7-m/libgcc.a(_arm_unorddf2.o)
 .ARM.attributes
                0x00000000000009a0       0x1d /Applications/Eclipse.app/Contents/Eclipse/plugins/fr.ac6.mcu.externaltools.arm-none.macos64_1.17.0.201812190825/tools/compiler/bin/../lib/gcc/arm-none-eabi/7.3.1/thumb/v7-m/libgcc.a(_arm_fixdfsi.o)
 .ARM.attributes
                0x00000000000009bd       0x1d /Applications/Eclipse.app/Contents/Eclipse/plugins/fr.ac6.mcu.externaltools.arm-none.macos64_1.17.0.201812190825/tools/compiler/bin/../lib/gcc/arm-none-eabi/7.3.1/thumb/v7-m/crtn.o
OUTPUT(AirMonitor.elf elf32-littlearm)

.debug_info     0x0000000000000000    0x14a88
 .debug_info    0x0000000000000000      0x80f Drivers/STM32F1xx_HAL_Driver/Src/stm32f1xx_hal.o
 .debug_info    0x000000000000080f      0xe60 Drivers/STM32F1xx_HAL_Driver/Src/stm32f1xx_hal_adc.o
 .debug_info    0x000000000000166f      0xb8a Drivers/STM32F1xx_HAL_Driver/Src/stm32f1xx_hal_adc_ex.o
 .debug_info    0x00000000000021f9      0xd10 Drivers/STM32F1xx_HAL_Driver/Src/stm32f1xx_hal_cortex.o
 .debug_info    0x0000000000002f09      0x83b Drivers/STM32F1xx_HAL_Driver/Src/stm32f1xx_hal_dma.o
 .debug_info    0x0000000000003744      0x690 Drivers/STM32F1xx_HAL_Driver/Src/stm32f1xx_hal_gpio.o
 .debug_info    0x0000000000003dd4     0x3386 Drivers/STM32F1xx_HAL_Driver/Src/stm32f1xx_hal_i2c.o
 .debug_info    0x000000000000715a      0x9e4 Drivers/STM32F1xx_HAL_Driver/Src/stm32f1xx_hal_rcc.o
 .debug_info    0x0000000000007b3e      0x4c4 Drivers/STM32F1xx_HAL_Driver/Src/stm32f1xx_hal_rcc_ex.o
 .debug_info    0x0000000000008002     0x3186 Drivers/STM32F1xx_HAL_Driver/Src/stm32f1xx_hal_tim.o
 .debug_info    0x000000000000b188     0x1496 Drivers/STM32F1xx_HAL_Driver/Src/stm32f1xx_hal_tim_ex.o
 .debug_info    0x000000000000c61e     0x169e Drivers/STM32F1xx_HAL_Driver/Src/stm32f1xx_hal_uart.o
 .debug_info    0x000000000000dcbc      0x8a8 Src/adc.o
 .debug_info    0x000000000000e564      0x44f Src/dma.o
 .debug_info    0x000000000000e9b3      0x46c Src/gpio.o
 .debug_info    0x000000000000ee1f      0x8c5 Src/i2c.o
 .debug_info    0x000000000000f6e4     0x2625 Src/main.o
 .debug_info    0x0000000000011d09      0x2ca Src/stm32f1xx_hal_msp.o
 .debug_info    0x0000000000011fd3      0x47e Src/stm32f1xx_it.o
 .debug_info    0x0000000000012451      0xfd3 Src/syscalls.o
 .debug_info    0x0000000000013424      0x436 Src/system_stm32f1xx.o
 .debug_info    0x000000000001385a      0x858 Src/tim.o
 .debug_info    0x00000000000140b2      0x9b4 Src/usart.o
 .debug_info    0x0000000000014a66       0x22 startup/startup_stm32f103xe.o

.debug_abbrev   0x0000000000000000     0x2e81
 .debug_abbrev  0x0000000000000000      0x1fe Drivers/STM32F1xx_HAL_Driver/Src/stm32f1xx_hal.o
 .debug_abbrev  0x00000000000001fe      0x1ee Drivers/STM32F1xx_HAL_Driver/Src/stm32f1xx_hal_adc.o
 .debug_abbrev  0x00000000000003ec      0x239 Drivers/STM32F1xx_HAL_Driver/Src/stm32f1xx_hal_adc_ex.o
 .debug_abbrev  0x0000000000000625      0x303 Drivers/STM32F1xx_HAL_Driver/Src/stm32f1xx_hal_cortex.o
 .debug_abbrev  0x0000000000000928      0x23c Drivers/STM32F1xx_HAL_Driver/Src/stm32f1xx_hal_dma.o
 .debug_abbrev  0x0000000000000b64      0x1de Drivers/STM32F1xx_HAL_Driver/Src/stm32f1xx_hal_gpio.o
 .debug_abbrev  0x0000000000000d42      0x282 Drivers/STM32F1xx_HAL_Driver/Src/stm32f1xx_hal_i2c.o
 .debug_abbrev  0x0000000000000fc4      0x257 Drivers/STM32F1xx_HAL_Driver/Src/stm32f1xx_hal_rcc.o
 .debug_abbrev  0x000000000000121b      0x1c9 Drivers/STM32F1xx_HAL_Driver/Src/stm32f1xx_hal_rcc_ex.o
 .debug_abbrev  0x00000000000013e4      0x237 Drivers/STM32F1xx_HAL_Driver/Src/stm32f1xx_hal_tim.o
 .debug_abbrev  0x000000000000161b      0x237 Drivers/STM32F1xx_HAL_Driver/Src/stm32f1xx_hal_tim_ex.o
 .debug_abbrev  0x0000000000001852      0x25f Drivers/STM32F1xx_HAL_Driver/Src/stm32f1xx_hal_uart.o
 .debug_abbrev  0x0000000000001ab1      0x1c9 Src/adc.o
 .debug_abbrev  0x0000000000001c7a      0x140 Src/dma.o
 .debug_abbrev  0x0000000000001dba      0x162 Src/gpio.o
 .debug_abbrev  0x0000000000001f1c      0x1c9 Src/i2c.o
 .debug_abbrev  0x00000000000020e5      0x385 Src/main.o
 .debug_abbrev  0x000000000000246a      0x109 Src/stm32f1xx_hal_msp.o
 .debug_abbrev  0x0000000000002573      0x167 Src/stm32f1xx_it.o
 .debug_abbrev  0x00000000000026da      0x2d4 Src/syscalls.o
 .debug_abbrev  0x00000000000029ae      0x134 Src/system_stm32f1xx.o
 .debug_abbrev  0x0000000000002ae2      0x1be Src/tim.o
 .debug_abbrev  0x0000000000002ca0      0x1cf Src/usart.o
 .debug_abbrev  0x0000000000002e6f       0x12 startup/startup_stm32f103xe.o

.debug_loc      0x0000000000000000     0xcc7a
 .debug_loc     0x0000000000000000      0x104 Drivers/STM32F1xx_HAL_Driver/Src/stm32f1xx_hal.o
 .debug_loc     0x0000000000000104      0x9fa Drivers/STM32F1xx_HAL_Driver/Src/stm32f1xx_hal_adc.o
 .debug_loc     0x0000000000000afe      0x798 Drivers/STM32F1xx_HAL_Driver/Src/stm32f1xx_hal_adc_ex.o
 .debug_loc     0x0000000000001296      0x5ad Drivers/STM32F1xx_HAL_Driver/Src/stm32f1xx_hal_cortex.o
 .debug_loc     0x0000000000001843      0x7c3 Drivers/STM32F1xx_HAL_Driver/Src/stm32f1xx_hal_dma.o
 .debug_loc     0x0000000000002006      0x3ac Drivers/STM32F1xx_HAL_Driver/Src/stm32f1xx_hal_gpio.o
 .debug_loc     0x00000000000023b2     0x3710 Drivers/STM32F1xx_HAL_Driver/Src/stm32f1xx_hal_i2c.o
 .debug_loc     0x0000000000005ac2      0x4bb Drivers/STM32F1xx_HAL_Driver/Src/stm32f1xx_hal_rcc.o
 .debug_loc     0x0000000000005f7d      0x30a Drivers/STM32F1xx_HAL_Driver/Src/stm32f1xx_hal_rcc_ex.o
 .debug_loc     0x0000000000006287     0x386d Drivers/STM32F1xx_HAL_Driver/Src/stm32f1xx_hal_tim.o
 .debug_loc     0x0000000000009af4     0x119d Drivers/STM32F1xx_HAL_Driver/Src/stm32f1xx_hal_tim_ex.o
 .debug_loc     0x000000000000ac91     0x1533 Drivers/STM32F1xx_HAL_Driver/Src/stm32f1xx_hal_uart.o
 .debug_loc     0x000000000000c1c4       0x74 Src/adc.o
 .debug_loc     0x000000000000c238       0x74 Src/i2c.o
 .debug_loc     0x000000000000c2ac      0x4ac Src/main.o
 .debug_loc     0x000000000000c758      0x3af Src/syscalls.o
 .debug_loc     0x000000000000cb07       0xdf Src/system_stm32f1xx.o
 .debug_loc     0x000000000000cbe6       0x94 Src/usart.o

.debug_aranges  0x0000000000000000     0x1108
 .debug_aranges
                0x0000000000000000       0xe0 Drivers/STM32F1xx_HAL_Driver/Src/stm32f1xx_hal.o
 .debug_aranges
                0x00000000000000e0       0xf0 Drivers/STM32F1xx_HAL_Driver/Src/stm32f1xx_hal_adc.o
 .debug_aranges
                0x00000000000001d0       0x80 Drivers/STM32F1xx_HAL_Driver/Src/stm32f1xx_hal_adc_ex.o
 .debug_aranges
                0x0000000000000250       0x90 Drivers/STM32F1xx_HAL_Driver/Src/stm32f1xx_hal_cortex.o
 .debug_aranges
                0x00000000000002e0       0x80 Drivers/STM32F1xx_HAL_Driver/Src/stm32f1xx_hal_dma.o
 .debug_aranges
                0x0000000000000360       0x58 Drivers/STM32F1xx_HAL_Driver/Src/stm32f1xx_hal_gpio.o
 .debug_aranges
                0x00000000000003b8      0x290 Drivers/STM32F1xx_HAL_Driver/Src/stm32f1xx_hal_i2c.o
 .debug_aranges
                0x0000000000000648       0x90 Drivers/STM32F1xx_HAL_Driver/Src/stm32f1xx_hal_rcc.o
 .debug_aranges
                0x00000000000006d8       0x30 Drivers/STM32F1xx_HAL_Driver/Src/stm32f1xx_hal_rcc_ex.o
 .debug_aranges
                0x0000000000000708      0x3a8 Drivers/STM32F1xx_HAL_Driver/Src/stm32f1xx_hal_tim.o
 .debug_aranges
                0x0000000000000ab0      0x150 Drivers/STM32F1xx_HAL_Driver/Src/stm32f1xx_hal_tim_ex.o
 .debug_aranges
                0x0000000000000c00      0x1d0 Drivers/STM32F1xx_HAL_Driver/Src/stm32f1xx_hal_uart.o
 .debug_aranges
                0x0000000000000dd0       0x30 Src/adc.o
 .debug_aranges
                0x0000000000000e00       0x20 Src/dma.o
 .debug_aranges
                0x0000000000000e20       0x20 Src/gpio.o
 .debug_aranges
                0x0000000000000e40       0x30 Src/i2c.o
 .debug_aranges
                0x0000000000000e70       0xa0 Src/main.o
 .debug_aranges
                0x0000000000000f10       0x20 Src/stm32f1xx_hal_msp.o
 .debug_aranges
                0x0000000000000f30       0x70 Src/stm32f1xx_it.o
 .debug_aranges
                0x0000000000000fa0       0xb0 Src/syscalls.o
 .debug_aranges
                0x0000000000001050       0x28 Src/system_stm32f1xx.o
 .debug_aranges
                0x0000000000001078       0x30 Src/tim.o
 .debug_aranges
                0x00000000000010a8       0x38 Src/usart.o
 .debug_aranges
                0x00000000000010e0       0x28 startup/startup_stm32f103xe.o

.debug_ranges   0x0000000000000000     0x1040
 .debug_ranges  0x0000000000000000       0xd0 Drivers/STM32F1xx_HAL_Driver/Src/stm32f1xx_hal.o
 .debug_ranges  0x00000000000000d0       0xe0 Drivers/STM32F1xx_HAL_Driver/Src/stm32f1xx_hal_adc.o
 .debug_ranges  0x00000000000001b0       0x70 Drivers/STM32F1xx_HAL_Driver/Src/stm32f1xx_hal_adc_ex.o
 .debug_ranges  0x0000000000000220       0xe0 Drivers/STM32F1xx_HAL_Driver/Src/stm32f1xx_hal_cortex.o
 .debug_ranges  0x0000000000000300       0x70 Drivers/STM32F1xx_HAL_Driver/Src/stm32f1xx_hal_dma.o
 .debug_ranges  0x0000000000000370       0x48 Drivers/STM32F1xx_HAL_Driver/Src/stm32f1xx_hal_gpio.o
 .debug_ranges  0x00000000000003b8      0x298 Drivers/STM32F1xx_HAL_Driver/Src/stm32f1xx_hal_i2c.o
 .debug_ranges  0x0000000000000650       0xa0 Drivers/STM32F1xx_HAL_Driver/Src/stm32f1xx_hal_rcc.o
 .debug_ranges  0x00000000000006f0       0x38 Drivers/STM32F1xx_HAL_Driver/Src/stm32f1xx_hal_rcc_ex.o
 .debug_ranges  0x0000000000000728      0x398 Drivers/STM32F1xx_HAL_Driver/Src/stm32f1xx_hal_tim.o
 .debug_ranges  0x0000000000000ac0      0x140 Drivers/STM32F1xx_HAL_Driver/Src/stm32f1xx_hal_tim_ex.o
 .debug_ranges  0x0000000000000c00      0x1c0 Drivers/STM32F1xx_HAL_Driver/Src/stm32f1xx_hal_uart.o
 .debug_ranges  0x0000000000000dc0       0x20 Src/adc.o
 .debug_ranges  0x0000000000000de0       0x10 Src/dma.o
 .debug_ranges  0x0000000000000df0       0x10 Src/gpio.o
 .debug_ranges  0x0000000000000e00       0x20 Src/i2c.o
 .debug_ranges  0x0000000000000e20       0x90 Src/main.o
 .debug_ranges  0x0000000000000eb0       0x10 Src/stm32f1xx_hal_msp.o
 .debug_ranges  0x0000000000000ec0       0x60 Src/stm32f1xx_it.o
 .debug_ranges  0x0000000000000f20       0xa0 Src/syscalls.o
 .debug_ranges  0x0000000000000fc0       0x18 Src/system_stm32f1xx.o
 .debug_ranges  0x0000000000000fd8       0x20 Src/tim.o
 .debug_ranges  0x0000000000000ff8       0x28 Src/usart.o
 .debug_ranges  0x0000000000001020       0x20 startup/startup_stm32f103xe.o

.debug_macro    0x0000000000000000    0x18c79
 .debug_macro   0x0000000000000000      0x1dc Drivers/STM32F1xx_HAL_Driver/Src/stm32f1xx_hal.o
 .debug_macro   0x00000000000001dc      0xa60 Drivers/STM32F1xx_HAL_Driver/Src/stm32f1xx_hal.o
 .debug_macro   0x0000000000000c3c      0x22d Drivers/STM32F1xx_HAL_Driver/Src/stm32f1xx_hal.o
 .debug_macro   0x0000000000000e69       0x2e Drivers/STM32F1xx_HAL_Driver/Src/stm32f1xx_hal.o
 .debug_macro   0x0000000000000e97       0x22 Drivers/STM32F1xx_HAL_Driver/Src/stm32f1xx_hal.o
 .debug_macro   0x0000000000000eb9       0x22 Drivers/STM32F1xx_HAL_Driver/Src/stm32f1xx_hal.o
 .debug_macro   0x0000000000000edb       0x8e Drivers/STM32F1xx_HAL_Driver/Src/stm32f1xx_hal.o
 .debug_macro   0x0000000000000f69       0x51 Drivers/STM32F1xx_HAL_Driver/Src/stm32f1xx_hal.o
 .debug_macro   0x0000000000000fba       0xef Drivers/STM32F1xx_HAL_Driver/Src/stm32f1xx_hal.o
 .debug_macro   0x00000000000010a9       0x6a Drivers/STM32F1xx_HAL_Driver/Src/stm32f1xx_hal.o
 .debug_macro   0x0000000000001113      0x1df Drivers/STM32F1xx_HAL_Driver/Src/stm32f1xx_hal.o
 .debug_macro   0x00000000000012f2       0x1c Drivers/STM32F1xx_HAL_Driver/Src/stm32f1xx_hal.o
 .debug_macro   0x000000000000130e       0x22 Drivers/STM32F1xx_HAL_Driver/Src/stm32f1xx_hal.o
 .debug_macro   0x0000000000001330       0xc3 Drivers/STM32F1xx_HAL_Driver/Src/stm32f1xx_hal.o
 .debug_macro   0x00000000000013f3      0xd23 Drivers/STM32F1xx_HAL_Driver/Src/stm32f1xx_hal.o
 .debug_macro   0x0000000000002116     0xfd8c Drivers/STM32F1xx_HAL_Driver/Src/stm32f1xx_hal.o
 .debug_macro   0x0000000000011ea2       0x43 Drivers/STM32F1xx_HAL_Driver/Src/stm32f1xx_hal.o
 .debug_macro   0x0000000000011ee5      0x174 Drivers/STM32F1xx_HAL_Driver/Src/stm32f1xx_hal.o
 .debug_macro   0x0000000000012059       0x4e Drivers/STM32F1xx_HAL_Driver/Src/stm32f1xx_hal.o
 .debug_macro   0x00000000000120a7      0x5be Drivers/STM32F1xx_HAL_Driver/Src/stm32f1xx_hal.o
 .debug_macro   0x0000000000012665      0x4d5 Drivers/STM32F1xx_HAL_Driver/Src/stm32f1xx_hal.o
 .debug_macro   0x0000000000012b3a      0x1cb Drivers/STM32F1xx_HAL_Driver/Src/stm32f1xx_hal.o
 .debug_macro   0x0000000000012d05      0x114 Drivers/STM32F1xx_HAL_Driver/Src/stm32f1xx_hal.o
 .debug_macro   0x0000000000012e19      0x1ea Drivers/STM32F1xx_HAL_Driver/Src/stm32f1xx_hal.o
 .debug_macro   0x0000000000013003       0x27 Drivers/STM32F1xx_HAL_Driver/Src/stm32f1xx_hal.o
 .debug_macro   0x000000000001302a      0x144 Drivers/STM32F1xx_HAL_Driver/Src/stm32f1xx_hal.o
 .debug_macro   0x000000000001316e      0x1bc Drivers/STM32F1xx_HAL_Driver/Src/stm32f1xx_hal.o
 .debug_macro   0x000000000001332a       0x30 Drivers/STM32F1xx_HAL_Driver/Src/stm32f1xx_hal.o
 .debug_macro   0x000000000001335a       0x3c Drivers/STM32F1xx_HAL_Driver/Src/stm32f1xx_hal.o
 .debug_macro   0x0000000000013396       0x57 Drivers/STM32F1xx_HAL_Driver/Src/stm32f1xx_hal.o
 .debug_macro   0x00000000000133ed      0x46a Drivers/STM32F1xx_HAL_Driver/Src/stm32f1xx_hal.o
 .debug_macro   0x0000000000013857      0x25d Drivers/STM32F1xx_HAL_Driver/Src/stm32f1xx_hal.o
 .debug_macro   0x0000000000013ab4       0x88 Drivers/STM32F1xx_HAL_Driver/Src/stm32f1xx_hal.o
 .debug_macro   0x0000000000013b3c      0x24f Drivers/STM32F1xx_HAL_Driver/Src/stm32f1xx_hal.o
 .debug_macro   0x0000000000013d8b      0x280 Drivers/STM32F1xx_HAL_Driver/Src/stm32f1xx_hal.o
 .debug_macro   0x000000000001400b      0x141 Drivers/STM32F1xx_HAL_Driver/Src/stm32f1xx_hal.o
 .debug_macro   0x000000000001414c      0x88b Drivers/STM32F1xx_HAL_Driver/Src/stm32f1xx_hal.o
 .debug_macro   0x00000000000149d7      0x26b Drivers/STM32F1xx_HAL_Driver/Src/stm32f1xx_hal.o
 .debug_macro   0x0000000000014c42       0xb5 Drivers/STM32F1xx_HAL_Driver/Src/stm32f1xx_hal.o
 .debug_macro   0x0000000000014cf7      0x1d5 Drivers/STM32F1xx_HAL_Driver/Src/stm32f1xx_hal_adc.o
 .debug_macro   0x0000000000014ecc      0x1ca Drivers/STM32F1xx_HAL_Driver/Src/stm32f1xx_hal_adc_ex.o
 .debug_macro   0x0000000000015096      0x1b8 Drivers/STM32F1xx_HAL_Driver/Src/stm32f1xx_hal_cortex.o
 .debug_macro   0x000000000001524e      0x1b8 Drivers/STM32F1xx_HAL_Driver/Src/stm32f1xx_hal_dma.o
 .debug_macro   0x0000000000015406      0x223 Drivers/STM32F1xx_HAL_Driver/Src/stm32f1xx_hal_gpio.o
 .debug_macro   0x0000000000015629      0x1f8 Drivers/STM32F1xx_HAL_Driver/Src/stm32f1xx_hal_i2c.o
 .debug_macro   0x0000000000015821      0x1ca Drivers/STM32F1xx_HAL_Driver/Src/stm32f1xx_hal_rcc.o
 .debug_macro   0x00000000000159eb      0x1b8 Drivers/STM32F1xx_HAL_Driver/Src/stm32f1xx_hal_rcc_ex.o
 .debug_macro   0x0000000000015ba3      0x1b9 Drivers/STM32F1xx_HAL_Driver/Src/stm32f1xx_hal_tim.o
 .debug_macro   0x0000000000015d5c      0x1b8 Drivers/STM32F1xx_HAL_Driver/Src/stm32f1xx_hal_tim_ex.o
 .debug_macro   0x0000000000015f14      0x1b9 Drivers/STM32F1xx_HAL_Driver/Src/stm32f1xx_hal_uart.o
 .debug_macro   0x00000000000160cd      0x1cc Src/adc.o
 .debug_macro   0x0000000000016299      0x1cc Src/dma.o
 .debug_macro   0x0000000000016465      0x1cc Src/gpio.o
 .debug_macro   0x0000000000016631      0x1cc Src/i2c.o
 .debug_macro   0x00000000000167fd      0x3bd Src/main.o
 .debug_macro   0x0000000000016bba       0x5e Src/main.o
 .debug_macro   0x0000000000016c18       0x18 Src/main.o
 .debug_macro   0x0000000000016c30       0x35 Src/main.o
 .debug_macro   0x0000000000016c65       0x34 Src/main.o
 .debug_macro   0x0000000000016c99       0x16 Src/main.o
 .debug_macro   0x0000000000016caf       0x35 Src/main.o
 .debug_macro   0x0000000000016ce4      0x32a Src/main.o
 .debug_macro   0x000000000001700e       0x10 Src/main.o
 .debug_macro   0x000000000001701e       0x58 Src/main.o
 .debug_macro   0x0000000000017076       0x1f Src/main.o
 .debug_macro   0x0000000000017095       0x43 Src/main.o
 .debug_macro   0x00000000000170d8       0x20 Src/main.o
 .debug_macro   0x00000000000170f8      0x18e Src/main.o
 .debug_macro   0x0000000000017286       0x10 Src/main.o
 .debug_macro   0x0000000000017296       0x1c Src/main.o
 .debug_macro   0x00000000000172b2       0x52 Src/main.o
 .debug_macro   0x0000000000017304       0x40 Src/main.o
 .debug_macro   0x0000000000017344       0x10 Src/main.o
 .debug_macro   0x0000000000017354       0x40 Src/main.o
 .debug_macro   0x0000000000017394       0xd7 Src/main.o
 .debug_macro   0x000000000001746b       0x1c Src/main.o
 .debug_macro   0x0000000000017487       0x3d Src/main.o
 .debug_macro   0x00000000000174c4       0x16 Src/main.o
 .debug_macro   0x00000000000174da      0x16f Src/main.o
 .debug_macro   0x0000000000017649       0x16 Src/main.o
 .debug_macro   0x000000000001765f       0x16 Src/main.o
 .debug_macro   0x0000000000017675       0x16 Src/main.o
 .debug_macro   0x000000000001768b       0x29 Src/main.o
 .debug_macro   0x00000000000176b4      0x1c2 Src/stm32f1xx_hal_msp.o
 .debug_macro   0x0000000000017876      0x1cc Src/stm32f1xx_it.o
 .debug_macro   0x0000000000017a42      0x243 Src/syscalls.o
 .debug_macro   0x0000000000017c85       0x58 Src/syscalls.o
 .debug_macro   0x0000000000017cdd       0x94 Src/syscalls.o
 .debug_macro   0x0000000000017d71       0x57 Src/syscalls.o
 .debug_macro   0x0000000000017dc8      0x330 Src/syscalls.o
 .debug_macro   0x00000000000180f8       0x10 Src/syscalls.o
 .debug_macro   0x0000000000018108       0x10 Src/syscalls.o
 .debug_macro   0x0000000000018118       0x10 Src/syscalls.o
 .debug_macro   0x0000000000018128       0x35 Src/syscalls.o
 .debug_macro   0x000000000001815d      0x122 Src/syscalls.o
 .debug_macro   0x000000000001827f       0x10 Src/syscalls.o
 .debug_macro   0x000000000001828f      0x241 Src/syscalls.o
 .debug_macro   0x00000000000184d0       0x1c Src/syscalls.o
 .debug_macro   0x00000000000184ec       0x10 Src/syscalls.o
 .debug_macro   0x00000000000184fc      0x189 Src/syscalls.o
 .debug_macro   0x0000000000018685       0x16 Src/syscalls.o
 .debug_macro   0x000000000001869b       0x88 Src/syscalls.o
 .debug_macro   0x0000000000018723      0x1be Src/system_stm32f1xx.o
 .debug_macro   0x00000000000188e1      0x1cc Src/tim.o
 .debug_macro   0x0000000000018aad      0x1cc Src/usart.o

.debug_line     0x0000000000000000    0x10aee
 .debug_line    0x0000000000000000      0x9be Drivers/STM32F1xx_HAL_Driver/Src/stm32f1xx_hal.o
 .debug_line    0x00000000000009be      0xd3c Drivers/STM32F1xx_HAL_Driver/Src/stm32f1xx_hal_adc.o
 .debug_line    0x00000000000016fa      0xb93 Drivers/STM32F1xx_HAL_Driver/Src/stm32f1xx_hal_adc_ex.o
 .debug_line    0x000000000000228d      0x9cc Drivers/STM32F1xx_HAL_Driver/Src/stm32f1xx_hal_cortex.o
 .debug_line    0x0000000000002c59      0xdd6 Drivers/STM32F1xx_HAL_Driver/Src/stm32f1xx_hal_dma.o
 .debug_line    0x0000000000003a2f      0x9a5 Drivers/STM32F1xx_HAL_Driver/Src/stm32f1xx_hal_gpio.o
 .debug_line    0x00000000000043d4     0x1dc8 Drivers/STM32F1xx_HAL_Driver/Src/stm32f1xx_hal_i2c.o
 .debug_line    0x000000000000619c      0xac7 Drivers/STM32F1xx_HAL_Driver/Src/stm32f1xx_hal_rcc.o
 .debug_line    0x0000000000006c63      0x8b1 Drivers/STM32F1xx_HAL_Driver/Src/stm32f1xx_hal_rcc_ex.o
 .debug_line    0x0000000000007514     0x19aa Drivers/STM32F1xx_HAL_Driver/Src/stm32f1xx_hal_tim.o
 .debug_line    0x0000000000008ebe      0xdfd Drivers/STM32F1xx_HAL_Driver/Src/stm32f1xx_hal_tim_ex.o
 .debug_line    0x0000000000009cbb     0x1104 Drivers/STM32F1xx_HAL_Driver/Src/stm32f1xx_hal_uart.o
 .debug_line    0x000000000000adbf      0x825 Src/adc.o
 .debug_line    0x000000000000b5e4      0x7e1 Src/dma.o
 .debug_line    0x000000000000bdc5      0x7f9 Src/gpio.o
 .debug_line    0x000000000000c5be      0x81e Src/i2c.o
 .debug_line    0x000000000000cddc      0xd4d Src/main.o
 .debug_line    0x000000000000db29      0x7e5 Src/stm32f1xx_hal_msp.o
 .debug_line    0x000000000000e30e      0x898 Src/stm32f1xx_it.o
 .debug_line    0x000000000000eba6      0x629 Src/syscalls.o
 .debug_line    0x000000000000f1cf      0x817 Src/system_stm32f1xx.o
 .debug_line    0x000000000000f9e6      0x819 Src/tim.o
 .debug_line    0x00000000000101ff      0x872 Src/usart.o
 .debug_line    0x0000000000010a71       0x7d startup/startup_stm32f103xe.o

.debug_str      0x0000000000000000    0x89109
 .debug_str     0x0000000000000000    0x7fc1b Drivers/STM32F1xx_HAL_Driver/Src/stm32f1xx_hal.o
                                      0x80066 (size before relaxing)
 .debug_str     0x000000000007fc1b      0x687 Drivers/STM32F1xx_HAL_Driver/Src/stm32f1xx_hal_adc.o
                                      0x7ffab (size before relaxing)
 .debug_str     0x00000000000802a2      0x2d8 Drivers/STM32F1xx_HAL_Driver/Src/stm32f1xx_hal_adc_ex.o
                                      0x7ff63 (size before relaxing)
 .debug_str     0x000000000008057a      0x2e1 Drivers/STM32F1xx_HAL_Driver/Src/stm32f1xx_hal_cortex.o
                                      0x8002f (size before relaxing)
 .debug_str     0x000000000008085b      0x220 Drivers/STM32F1xx_HAL_Driver/Src/stm32f1xx_hal_dma.o
                                      0x7fc99 (size before relaxing)
 .debug_str     0x0000000000080a7b      0x39e Drivers/STM32F1xx_HAL_Driver/Src/stm32f1xx_hal_gpio.o
                                      0x7fc76 (size before relaxing)
 .debug_str     0x0000000000080e19      0xe05 Drivers/STM32F1xx_HAL_Driver/Src/stm32f1xx_hal_i2c.o
                                      0x808f6 (size before relaxing)
 .debug_str     0x0000000000081c1e      0x353 Drivers/STM32F1xx_HAL_Driver/Src/stm32f1xx_hal_rcc.o
                                      0x7fcd6 (size before relaxing)
 .debug_str     0x0000000000081f71      0x136 Drivers/STM32F1xx_HAL_Driver/Src/stm32f1xx_hal_rcc_ex.o
                                      0x7fa9b (size before relaxing)
 .debug_str     0x00000000000820a7      0xfe8 Drivers/STM32F1xx_HAL_Driver/Src/stm32f1xx_hal_tim.o
                                      0x80acd (size before relaxing)
 .debug_str     0x000000000008308f      0x548 Drivers/STM32F1xx_HAL_Driver/Src/stm32f1xx_hal_tim_ex.o
                                      0x802e5 (size before relaxing)
 .debug_str     0x00000000000835d7      0x6c0 Drivers/STM32F1xx_HAL_Driver/Src/stm32f1xx_hal_uart.o
                                      0x80215 (size before relaxing)
 .debug_str     0x0000000000083c97       0x5b Src/adc.o
                                      0x7fcc9 (size before relaxing)
 .debug_str     0x0000000000083cf2       0x22 Src/dma.o
                                      0x7fc6e (size before relaxing)
 .debug_str     0x0000000000083d14       0x25 Src/gpio.o
                                      0x7f928 (size before relaxing)
 .debug_str     0x0000000000083d39       0x33 Src/i2c.o
                                      0x7fde0 (size before relaxing)
 .debug_str     0x0000000000083d6c     0x406e Src/main.o
                                      0x84579 (size before relaxing)
 .debug_str     0x0000000000087dda       0x1b Src/stm32f1xx_hal_msp.o
                                      0x7f8c0 (size before relaxing)
 .debug_str     0x0000000000087df5      0x108 Src/stm32f1xx_it.o
                                      0x7fb23 (size before relaxing)
 .debug_str     0x0000000000087efd     0x113e Src/syscalls.o
                                       0x8609 (size before relaxing)
 .debug_str     0x000000000008903b       0x69 Src/system_stm32f1xx.o
                                      0x7f927 (size before relaxing)
 .debug_str     0x00000000000890a4       0x1c Src/tim.o
                                      0x7fdb0 (size before relaxing)
 .debug_str     0x00000000000890c0       0x1a Src/usart.o
                                      0x7fd62 (size before relaxing)
 .debug_str     0x00000000000890da       0x2f startup/startup_stm32f103xe.o
                                         0xad (size before relaxing)

.comment        0x0000000000000000       0x7f
 .comment       0x0000000000000000       0x7f Drivers/STM32F1xx_HAL_Driver/Src/stm32f1xx_hal.o
                                         0x80 (size before relaxing)
 .comment       0x000000000000007f       0x80 Drivers/STM32F1xx_HAL_Driver/Src/stm32f1xx_hal_adc.o
 .comment       0x000000000000007f       0x80 Drivers/STM32F1xx_HAL_Driver/Src/stm32f1xx_hal_adc_ex.o
 .comment       0x000000000000007f       0x80 Drivers/STM32F1xx_HAL_Driver/Src/stm32f1xx_hal_cortex.o
 .comment       0x000000000000007f       0x80 Drivers/STM32F1xx_HAL_Driver/Src/stm32f1xx_hal_dma.o
 .comment       0x000000000000007f       0x80 Drivers/STM32F1xx_HAL_Driver/Src/stm32f1xx_hal_gpio.o
 .comment       0x000000000000007f       0x80 Drivers/STM32F1xx_HAL_Driver/Src/stm32f1xx_hal_i2c.o
 .comment       0x000000000000007f       0x80 Drivers/STM32F1xx_HAL_Driver/Src/stm32f1xx_hal_rcc.o
 .comment       0x000000000000007f       0x80 Drivers/STM32F1xx_HAL_Driver/Src/stm32f1xx_hal_rcc_ex.o
 .comment       0x000000000000007f       0x80 Drivers/STM32F1xx_HAL_Driver/Src/stm32f1xx_hal_tim.o
 .comment       0x000000000000007f       0x80 Drivers/STM32F1xx_HAL_Driver/Src/stm32f1xx_hal_tim_ex.o
 .comment       0x000000000000007f       0x80 Drivers/STM32F1xx_HAL_Driver/Src/stm32f1xx_hal_uart.o
 .comment       0x000000000000007f       0x80 Src/adc.o
 .comment       0x000000000000007f       0x80 Src/dma.o
 .comment       0x000000000000007f       0x80 Src/gpio.o
 .comment       0x000000000000007f       0x80 Src/i2c.o
 .comment       0x000000000000007f       0x80 Src/main.o
 .comment       0x000000000000007f       0x80 Src/stm32f1xx_hal_msp.o
 .comment       0x000000000000007f       0x80 Src/stm32f1xx_it.o
 .comment       0x000000000000007f       0x80 Src/syscalls.o
 .comment       0x000000000000007f       0x80 Src/system_stm32f1xx.o
 .comment       0x000000000000007f       0x80 Src/tim.o
 .comment       0x000000000000007f       0x80 Src/usart.o

.debug_frame    0x0000000000000000     0x38f4
 .debug_frame   0x0000000000000000      0x1d0 Drivers/STM32F1xx_HAL_Driver/Src/stm32f1xx_hal.o
 .debug_frame   0x00000000000001d0      0x2c4 Drivers/STM32F1xx_HAL_Driver/Src/stm32f1xx_hal_adc.o
 .debug_frame   0x0000000000000494      0x190 Drivers/STM32F1xx_HAL_Driver/Src/stm32f1xx_hal_adc_ex.o
 .debug_frame   0x0000000000000624      0x12c Drivers/STM32F1xx_HAL_Driver/Src/stm32f1xx_hal_cortex.o
 .debug_frame   0x0000000000000750      0x144 Drivers/STM32F1xx_HAL_Driver/Src/stm32f1xx_hal_dma.o
 .debug_frame   0x0000000000000894       0xe8 Drivers/STM32F1xx_HAL_Driver/Src/stm32f1xx_hal_gpio.o
 .debug_frame   0x000000000000097c      0x910 Drivers/STM32F1xx_HAL_Driver/Src/stm32f1xx_hal_i2c.o
 .debug_frame   0x000000000000128c      0x198 Drivers/STM32F1xx_HAL_Driver/Src/stm32f1xx_hal_rcc.o
 .debug_frame   0x0000000000001424       0x6c Drivers/STM32F1xx_HAL_Driver/Src/stm32f1xx_hal_rcc_ex.o
 .debug_frame   0x0000000000001490      0xa7c Drivers/STM32F1xx_HAL_Driver/Src/stm32f1xx_hal_tim.o
 .debug_frame   0x0000000000001f0c      0x3b8 Drivers/STM32F1xx_HAL_Driver/Src/stm32f1xx_hal_tim_ex.o
 .debug_frame   0x00000000000022c4      0x4e8 Drivers/STM32F1xx_HAL_Driver/Src/stm32f1xx_hal_uart.o
 .debug_frame   0x00000000000027ac       0x68 Src/adc.o
 .debug_frame   0x0000000000002814       0x2c Src/dma.o
 .debug_frame   0x0000000000002840       0x34 Src/gpio.o
 .debug_frame   0x0000000000002874       0x60 Src/i2c.o